<html>
<body>
<pre>
<h1>µVision Build Log</h1>
<h2>Tool Versions:</h2>
IDE-Version: µVision V5.26.2.0
Copyright (C) 2018 ARM Ltd and ARM Germany GmbH. All rights reserved.
License Information: David Nguyen, Cal State East Bay, LIC=----
 
Tool Versions:
Toolchain:       MDK-Lite  Version: 5.26.2.0
Toolchain Path:  C:\Keil_v5\ARM\ARMCC\Bin
C Compiler:      Armcc.exe V5.06 update 6 (build 750)
Assembler:       Armasm.exe V5.06 update 6 (build 750)
Linker/Locator:  ArmLink.exe V5.06 update 6 (build 750)
Library Manager: ArmAr.exe V5.06 update 6 (build 750)
Hex Converter:   FromElf.exe V5.06 update 6 (build 750)
CPU DLL:         SARMCM3.DLL V5.26.2.0
Dialog DLL:      DARMCM1.DLL V1.19.1.0
Target DLL:      NULink\Nu_Link.dll V2.05
Dialog DLL:      TARMCM1.DLL V1.14.0.0
 
<h2>Project:</h2>
C:\Users\dnguy\OneDrive\Desktop\NUC123BSP-master\SampleCode\StdDriver\SPI_Loopback\KEIL\SPI_Loopback.uvprojx
Project File Date:  04/26/2019

<h2>Output:</h2>
*** Using Compiler 'V5.06 update 6 (build 750)', folder: 'C:\Keil_v5\ARM\ARMCC\Bin'
Build target 'SPI_Loopback'
creating preprocessor file for system_NUC123.c...
creating preprocessor file for main.c...
creating preprocessor file for clk.c...
creating preprocessor file for retarget.c...
compiling main.c...
..\main.c(39): warning:  #550-D: variable "u32DataCount"  was set but never used
      uint8_t u32DataCount, u32TestCount, u32Err;
..\main.c(39): warning:  #550-D: variable "u32Err"  was set but never used
      uint8_t u32DataCount, u32TestCount, u32Err;
..\main.c: 2 warnings, 0 errors
creating preprocessor file for uart.c...
creating preprocessor file for spi.c...
linking...
Program Size: Code=3236 RO-data=496 RW-data=56 ZI-data=1056  
After Build - User command #1: fromelf --bin ".\obj\SPI_Loopback.axf" --output ".\obj\SPI_Loopback.bin"
After Build - User command #2: fromelf --text -c ".\obj\SPI_Loopback.axf" --output ".\obj\SPI_Loopback.txt"
".\obj\SPI_Loopback.axf" - 0 Error(s), 2 Warning(s).

<h2>Software Packages used:</h2>

Package Vendor: ARM
                http://www.keil.com/pack/ARM.CMSIS.5.4.0.pack
                ARM.CMSIS.5.4.0
                CMSIS (Cortex Microcontroller Software Interface Standard)
   * Component: CORE Version: 5.1.2

Package Vendor: Nuvoton
                http://www.nuvoton.com/hq/enu/Documents/KEILSoftwarePack/Nuvoton.NuMicro_DFP.1.3.2.pack
                Nuvoton.NuMicro_DFP.1.3.2
                Nuvoton ARM Cortex-M NuMicro Family Device Support

<h2>Collection of Component include folders:</h2>
  .\RTE\_SPI_Loopback
  C:\Keil_v5\ARM\PACK\ARM\CMSIS\5.4.0\CMSIS\Core\Include
  C:\Keil_v5\ARM\PACK\Nuvoton\NuMicro_DFP\1.3.2\Device\NUC123\Include

<h2>Collection of Component Files used:</h2>

   * Component: ARM::CMSIS:CORE:5.1.2
Build Time Elapsed:  00:00:03
</pre>
</body>
</html>
