<html>
<body>
<pre>
<h1>µVision Build Log</h1>
<h2>Tool Versions:</h2>
IDE-Version: µVision V5.26.2.0
Copyright (C) 2018 ARM Ltd and ARM Germany GmbH. All rights reserved.
License Information: Darren Nguyen, CSUEB, LIC=----
 
Tool Versions:
Toolchain:       MDK-Lite  Version: 5.26.2.0
Toolchain Path:  C:\Keil_v5\ARM\ARMCC\Bin
C Compiler:      Armcc.exe V5.06 update 6 (build 750)
Assembler:       Armasm.exe V5.06 update 6 (build 750)
Linker/Locator:  ArmLink.exe V5.06 update 6 (build 750)
Library Manager: ArmAr.exe V5.06 update 6 (build 750)
Hex Converter:   FromElf.exe V5.06 update 6 (build 750)
CPU DLL:         SARMCM3.DLL V5.26.2.0
Dialog DLL:      DARMCM1.DLL V1.19.1.0
Target DLL:      NULink\Nu_Link.dll V2.05
Dialog DLL:      TARMCM1.DLL V1.14.0.0
 
<h2>Project:</h2>
C:\Users\FPSpl_000\Desktop\NUC123BSP-master\SampleCode\StdDriver\PWM_Capture\KEIL\PWM_Capture.uvproj
Project File Date:  03/30/2019

<h2>Output:</h2>
*** Using Compiler 'V5.06 update 6 (build 750)', folder: 'C:\Keil_v5\ARM\ARMCC\Bin'
Build target 'PWM_Capture'
creating preprocessor file for system_NUC123.c...
creating preprocessor file for main.c...
creating preprocessor file for retarget.c...
creating preprocessor file for clk.c...
compiling main.c...
creating preprocessor file for pwm.c...
creating preprocessor file for uart.c...
creating preprocessor file for sys.c...
linking...
Program Size: Code=5012 RO-data=912 RW-data=48 ZI-data=1024  
After Build - User command #1: fromelf --bin ".\obj\PWM_Capture.axf" --output ".\obj\PWM_Capture.bin"
After Build - User command #2: fromelf --text -c ".\obj\PWM_Capture.axf" --output ".\obj\PWM_Capture.txt"
".\obj\PWM_Capture.axf" - 0 Error(s), 0 Warning(s).
Build Time Elapsed:  00:00:02
</pre>
</body>
</html>
