Component: ARM Compiler 5.06 update 6 (build 750) Tool: armlink [4d35ed]

==============================================================================

Small function inlining results

Inlined total of 0 calls.

==============================================================================

Section Cross References

    startup_nuc123.o(RESET) refers to startup_nuc123.o(STACK) for __initial_sp
    startup_nuc123.o(RESET) refers to startup_nuc123.o(.text) for Reset_Handler
    startup_nuc123.o(RESET) refers to retarget.o(.emb_text) for HardFault_Handler
    startup_nuc123.o(RESET) refers to main.o(i.I2C0_IRQHandler) for I2C0_IRQHandler
    startup_nuc123.o(.text) refers to system_nuc123.o(i.SystemInit) for SystemInit
    startup_nuc123.o(.text) refers to entry.o(.ARM.Collect$$$$00000000) for __main
    system_nuc123.o(i.SystemCoreClockUpdate) refers to uidiv.o(.text) for __aeabi_uidivmod
    system_nuc123.o(i.SystemCoreClockUpdate) refers to system_nuc123.o(.data) for .data
    main.o(i.I2C0_Close) refers to i2c.o(i.I2C_DisableInt) for I2C_DisableInt
    main.o(i.I2C0_Close) refers to i2c.o(i.I2C_Close) for I2C_Close
    main.o(i.I2C0_Close) refers to clk.o(i.CLK_DisableModuleClock) for CLK_DisableModuleClock
    main.o(i.I2C0_IRQHandler) refers to i2c.o(i.I2C_ClearTimeoutFlag) for I2C_ClearTimeoutFlag
    main.o(i.I2C0_IRQHandler) refers to main.o(.data) for .data
    main.o(i.I2C0_Init) refers to i2c.o(i.I2C_Open) for I2C_Open
    main.o(i.I2C0_Init) refers to i2c.o(i.I2C_GetBusClockFreq) for I2C_GetBusClockFreq
    main.o(i.I2C0_Init) refers to printf5.o(i.__0printf$5) for __2printf
    main.o(i.I2C0_Init) refers to i2c.o(i.I2C_SetSlaveAddr) for I2C_SetSlaveAddr
    main.o(i.I2C0_Init) refers to i2c.o(i.I2C_EnableInt) for I2C_EnableInt
    main.o(i.I2C0_Read_Write_SLAVE) refers to printf5.o(i.__0printf$5) for __2printf
    main.o(i.I2C0_Read_Write_SLAVE) refers to main.o(.data) for .data
    main.o(i.I2C0_Read_Write_SLAVE) refers to main.o(i.I2C_MasterTx) for I2C_MasterTx
    main.o(i.I2C0_Read_Write_SLAVE) refers to main.o(i.I2C_MasterRx) for I2C_MasterRx
    main.o(i.I2C_MasterRx) refers to printf5.o(i.__0printf$5) for __2printf
    main.o(i.I2C_MasterRx) refers to main.o(.data) for .data
    main.o(i.I2C_MasterTx) refers to printf5.o(i.__0printf$5) for __2printf
    main.o(i.I2C_MasterTx) refers to main.o(.data) for .data
    main.o(i.SYS_Init) refers to clk.o(i.CLK_EnableXtalRC) for CLK_EnableXtalRC
    main.o(i.SYS_Init) refers to clk.o(i.CLK_WaitClockReady) for CLK_WaitClockReady
    main.o(i.SYS_Init) refers to clk.o(i.CLK_SetHCLK) for CLK_SetHCLK
    main.o(i.SYS_Init) refers to clk.o(i.CLK_SetCoreClock) for CLK_SetCoreClock
    main.o(i.SYS_Init) refers to clk.o(i.CLK_EnableModuleClock) for CLK_EnableModuleClock
    main.o(i.SYS_Init) refers to clk.o(i.CLK_SetModuleClock) for CLK_SetModuleClock
    main.o(i.UART0_Init) refers to sys.o(i.SYS_ResetModule) for SYS_ResetModule
    main.o(i.UART0_Init) refers to uart.o(i.UART_Open) for UART_Open
    main.o(i.main) refers to main.o(i.SYS_Init) for SYS_Init
    main.o(i.main) refers to main.o(i.UART0_Init) for UART0_Init
    main.o(i.main) refers to printf5.o(i.__0printf$5) for __2printf
    main.o(i.main) refers to main.o(i.I2C0_Init) for I2C0_Init
    main.o(i.main) refers to getc.o(i.getc) for getc
    main.o(i.main) refers to main.o(i.I2C0_Read_Write_SLAVE) for I2C0_Read_Write_SLAVE
    main.o(i.main) refers to main.o(i.I2C0_Close) for I2C0_Close
    main.o(i.main) refers to retarget.o(.data) for __stdin
    main.o(i.main) refers to main.o(.data) for .data
    retarget.o(.emb_text) refers to retarget.o(i.Hard_Fault_Handler) for Hard_Fault_Handler
    retarget.o(i.Hard_Fault_Handler) refers to printf5.o(i.__0printf$5) for __2printf
    retarget.o(i.Hard_Fault_Handler) refers to retarget.o(i.stackDump) for stackDump
    retarget.o(i.SendChar) refers to retarget.o(i.SendChar_ToUART) for SendChar_ToUART
    retarget.o(i._ttywrch) refers to retarget.o(i.SendChar_ToUART) for SendChar_ToUART
    retarget.o(i.fgetc) refers to retarget.o(i.GetChar) for GetChar
    retarget.o(i.fputc) refers to retarget.o(i.SendChar_ToUART) for SendChar_ToUART
    retarget.o(i.stackDump) refers to printf5.o(i.__0printf$5) for __2printf
    clk.o(i.CLK_DisableCKO) refers to clk.o(i.CLK_DisableModuleClock) for CLK_DisableModuleClock
    clk.o(i.CLK_EnableCKO) refers to clk.o(i.CLK_EnableModuleClock) for CLK_EnableModuleClock
    clk.o(i.CLK_EnableCKO) refers to clk.o(i.CLK_SetModuleClock) for CLK_SetModuleClock
    clk.o(i.CLK_EnablePLL) refers to clk.o(i.CLK_WaitClockReady) for CLK_WaitClockReady
    clk.o(i.CLK_EnablePLL) refers to uidiv.o(.text) for __aeabi_uidivmod
    clk.o(i.CLK_GetCPUFreq) refers to system_nuc123.o(i.SystemCoreClockUpdate) for SystemCoreClockUpdate
    clk.o(i.CLK_GetCPUFreq) refers to system_nuc123.o(.data) for SystemCoreClock
    clk.o(i.CLK_GetHCLKFreq) refers to system_nuc123.o(i.SystemCoreClockUpdate) for SystemCoreClockUpdate
    clk.o(i.CLK_GetHCLKFreq) refers to system_nuc123.o(.data) for SystemCoreClock
    clk.o(i.CLK_GetPCLKFreq) refers to system_nuc123.o(i.SystemCoreClockUpdate) for SystemCoreClockUpdate
    clk.o(i.CLK_GetPCLKFreq) refers to system_nuc123.o(.data) for SystemCoreClock
    clk.o(i.CLK_SetCoreClock) refers to clk.o(i.CLK_WaitClockReady) for CLK_WaitClockReady
    clk.o(i.CLK_SetCoreClock) refers to clk.o(i.CLK_EnablePLL) for CLK_EnablePLL
    clk.o(i.CLK_SetCoreClock) refers to clk.o(i.CLK_SetHCLK) for CLK_SetHCLK
    clk.o(i.CLK_SetHCLK) refers to clk.o(i.CLK_WaitClockReady) for CLK_WaitClockReady
    clk.o(i.CLK_SetHCLK) refers to system_nuc123.o(i.SystemCoreClockUpdate) for SystemCoreClockUpdate
    clk.o(i.CLK_SetModuleClock) refers to clk.o(.constdata) for .constdata
    i2c.o(i.I2C_GetBusClockFreq) refers to uidiv.o(.text) for __aeabi_uidivmod
    i2c.o(i.I2C_GetBusClockFreq) refers to system_nuc123.o(.data) for SystemCoreClock
    i2c.o(i.I2C_Open) refers to uidiv.o(.text) for __aeabi_uidivmod
    i2c.o(i.I2C_Open) refers to system_nuc123.o(.data) for SystemCoreClock
    i2c.o(i.I2C_ReadByteOneReg) refers to i2c.o(i.__ARM_common_switch8) for __ARM_common_switch8
    i2c.o(i.I2C_ReadByteTwoRegs) refers to i2c.o(i.__ARM_common_switch8) for __ARM_common_switch8
    i2c.o(i.I2C_ReadMultiBytesOneReg) refers to i2c.o(i.__ARM_common_switch8) for __ARM_common_switch8
    i2c.o(i.I2C_ReadMultiBytesTwoRegs) refers to i2c.o(i.__ARM_common_switch8) for __ARM_common_switch8
    i2c.o(i.I2C_SetBusClockFreq) refers to uidiv.o(.text) for __aeabi_uidivmod
    i2c.o(i.I2C_SetBusClockFreq) refers to system_nuc123.o(.data) for SystemCoreClock
    uart.o(i.CLK_GetPLLClockFreq) refers to uidiv.o(.text) for __aeabi_uidivmod
    uart.o(i.UART_Open) refers to uart.o(i.CLK_GetPLLClockFreq) for CLK_GetPLLClockFreq
    uart.o(i.UART_Open) refers to uidiv.o(.text) for __aeabi_uidivmod
    uart.o(i.UART_Open) refers to uart.o(.constdata) for .constdata
    uart.o(i.UART_SelectIrDAMode) refers to uart.o(i.CLK_GetPLLClockFreq) for CLK_GetPLLClockFreq
    uart.o(i.UART_SelectIrDAMode) refers to uidiv.o(.text) for __aeabi_uidivmod
    uart.o(i.UART_SelectIrDAMode) refers to uart.o(.constdata) for .constdata
    uart.o(i.UART_SetLine_Config) refers to uart.o(i.CLK_GetPLLClockFreq) for CLK_GetPLLClockFreq
    uart.o(i.UART_SetLine_Config) refers to uidiv.o(.text) for __aeabi_uidivmod
    uart.o(i.UART_SetLine_Config) refers to uart.o(.constdata) for .constdata
    entry.o(.ARM.Collect$$$$00000000) refers (Special) to entry10a.o(.ARM.Collect$$$$0000000D) for __rt_final_cpp
    entry.o(.ARM.Collect$$$$00000000) refers (Special) to entry11a.o(.ARM.Collect$$$$0000000F) for __rt_final_exit
    entry.o(.ARM.Collect$$$$00000000) refers (Special) to entry7b.o(.ARM.Collect$$$$00000008) for _main_clock
    entry.o(.ARM.Collect$$$$00000000) refers (Special) to entry8b.o(.ARM.Collect$$$$0000000A) for _main_cpp_init
    entry.o(.ARM.Collect$$$$00000000) refers (Special) to entry9a.o(.ARM.Collect$$$$0000000B) for _main_init
    entry.o(.ARM.Collect$$$$00000000) refers (Special) to entry5.o(.ARM.Collect$$$$00000004) for _main_scatterload
    entry.o(.ARM.Collect$$$$00000000) refers (Special) to entry2.o(.ARM.Collect$$$$00000001) for _main_stk
    getc.o(i.getc) refers to retarget.o(i.fgetc) for fgetc
    printfb.o(i.__0fprintf$bare) refers to printfb.o(i._printf_core) for _printf_core
    printfb.o(i.__0fprintf$bare) refers to retarget.o(i.fputc) for fputc
    printfb.o(i.__0printf$bare) refers to printfb.o(i._printf_core) for _printf_core
    printfb.o(i.__0printf$bare) refers to retarget.o(i.fputc) for fputc
    printfb.o(i.__0printf$bare) refers to retarget.o(.data) for __stdout
    printfb.o(i.__0snprintf$bare) refers to printfb.o(i._printf_core) for _printf_core
    printfb.o(i.__0snprintf$bare) refers to printfb.o(i._snputc) for _snputc
    printfb.o(i.__0sprintf$bare) refers to printfb.o(i._printf_core) for _printf_core
    printfb.o(i.__0sprintf$bare) refers to printfb.o(i._sputc) for _sputc
    printfb.o(i.__0vfprintf$bare) refers to printfb.o(i._printf_core) for _printf_core
    printfb.o(i.__0vfprintf$bare) refers to retarget.o(i.fputc) for fputc
    printfb.o(i.__0vprintf$bare) refers to printfb.o(i._printf_core) for _printf_core
    printfb.o(i.__0vprintf$bare) refers to retarget.o(i.fputc) for fputc
    printfb.o(i.__0vprintf$bare) refers to retarget.o(.data) for __stdout
    printfb.o(i.__0vsnprintf$bare) refers to printfb.o(i._printf_core) for _printf_core
    printfb.o(i.__0vsnprintf$bare) refers to printfb.o(i._snputc) for _snputc
    printfb.o(i.__0vsprintf$bare) refers to printfb.o(i._printf_core) for _printf_core
    printfb.o(i.__0vsprintf$bare) refers to printfb.o(i._sputc) for _sputc
    printf0.o(i.__0fprintf$0) refers to printf0.o(i._printf_core) for _printf_core
    printf0.o(i.__0fprintf$0) refers to retarget.o(i.fputc) for fputc
    printf0.o(i.__0printf$0) refers to printf0.o(i._printf_core) for _printf_core
    printf0.o(i.__0printf$0) refers to retarget.o(i.fputc) for fputc
    printf0.o(i.__0printf$0) refers to retarget.o(.data) for __stdout
    printf0.o(i.__0snprintf$0) refers to printf0.o(i._printf_core) for _printf_core
    printf0.o(i.__0snprintf$0) refers to printf0.o(i._snputc) for _snputc
    printf0.o(i.__0sprintf$0) refers to printf0.o(i._printf_core) for _printf_core
    printf0.o(i.__0sprintf$0) refers to printf0.o(i._sputc) for _sputc
    printf0.o(i.__0vfprintf$0) refers to printf0.o(i._printf_core) for _printf_core
    printf0.o(i.__0vfprintf$0) refers to retarget.o(i.fputc) for fputc
    printf0.o(i.__0vprintf$0) refers to printf0.o(i._printf_core) for _printf_core
    printf0.o(i.__0vprintf$0) refers to retarget.o(i.fputc) for fputc
    printf0.o(i.__0vprintf$0) refers to retarget.o(.data) for __stdout
    printf0.o(i.__0vsnprintf$0) refers to printf0.o(i._printf_core) for _printf_core
    printf0.o(i.__0vsnprintf$0) refers to printf0.o(i._snputc) for _snputc
    printf0.o(i.__0vsprintf$0) refers to printf0.o(i._printf_core) for _printf_core
    printf0.o(i.__0vsprintf$0) refers to printf0.o(i._sputc) for _sputc
    printf1.o(i.__0fprintf$1) refers to printf1.o(i._printf_core) for _printf_core
    printf1.o(i.__0fprintf$1) refers to retarget.o(i.fputc) for fputc
    printf1.o(i.__0printf$1) refers to printf1.o(i._printf_core) for _printf_core
    printf1.o(i.__0printf$1) refers to retarget.o(i.fputc) for fputc
    printf1.o(i.__0printf$1) refers to retarget.o(.data) for __stdout
    printf1.o(i.__0snprintf$1) refers to printf1.o(i._printf_core) for _printf_core
    printf1.o(i.__0snprintf$1) refers to printf1.o(i._snputc) for _snputc
    printf1.o(i.__0sprintf$1) refers to printf1.o(i._printf_core) for _printf_core
    printf1.o(i.__0sprintf$1) refers to printf1.o(i._sputc) for _sputc
    printf1.o(i.__0vfprintf$1) refers to printf1.o(i._printf_core) for _printf_core
    printf1.o(i.__0vfprintf$1) refers to retarget.o(i.fputc) for fputc
    printf1.o(i.__0vprintf$1) refers to printf1.o(i._printf_core) for _printf_core
    printf1.o(i.__0vprintf$1) refers to retarget.o(i.fputc) for fputc
    printf1.o(i.__0vprintf$1) refers to retarget.o(.data) for __stdout
    printf1.o(i.__0vsnprintf$1) refers to printf1.o(i._printf_core) for _printf_core
    printf1.o(i.__0vsnprintf$1) refers to printf1.o(i._snputc) for _snputc
    printf1.o(i.__0vsprintf$1) refers to printf1.o(i._printf_core) for _printf_core
    printf1.o(i.__0vsprintf$1) refers to printf1.o(i._sputc) for _sputc
    printf1.o(i._printf_core) refers to uidiv.o(.text) for __aeabi_uidivmod
    printf2.o(i.__0fprintf$2) refers to printf2.o(i._printf_core) for _printf_core
    printf2.o(i.__0fprintf$2) refers to retarget.o(i.fputc) for fputc
    printf2.o(i.__0printf$2) refers to printf2.o(i._printf_core) for _printf_core
    printf2.o(i.__0printf$2) refers to retarget.o(i.fputc) for fputc
    printf2.o(i.__0printf$2) refers to retarget.o(.data) for __stdout
    printf2.o(i.__0snprintf$2) refers to printf2.o(i._printf_core) for _printf_core
    printf2.o(i.__0snprintf$2) refers to printf2.o(i._snputc) for _snputc
    printf2.o(i.__0sprintf$2) refers to printf2.o(i._printf_core) for _printf_core
    printf2.o(i.__0sprintf$2) refers to printf2.o(i._sputc) for _sputc
    printf2.o(i.__0vfprintf$2) refers to printf2.o(i._printf_core) for _printf_core
    printf2.o(i.__0vfprintf$2) refers to retarget.o(i.fputc) for fputc
    printf2.o(i.__0vprintf$2) refers to printf2.o(i._printf_core) for _printf_core
    printf2.o(i.__0vprintf$2) refers to retarget.o(i.fputc) for fputc
    printf2.o(i.__0vprintf$2) refers to retarget.o(.data) for __stdout
    printf2.o(i.__0vsnprintf$2) refers to printf2.o(i._printf_core) for _printf_core
    printf2.o(i.__0vsnprintf$2) refers to printf2.o(i._snputc) for _snputc
    printf2.o(i.__0vsprintf$2) refers to printf2.o(i._printf_core) for _printf_core
    printf2.o(i.__0vsprintf$2) refers to printf2.o(i._sputc) for _sputc
    printf3.o(i.__0fprintf$3) refers to printf3.o(i._printf_core) for _printf_core
    printf3.o(i.__0fprintf$3) refers to retarget.o(i.fputc) for fputc
    printf3.o(i.__0printf$3) refers to printf3.o(i._printf_core) for _printf_core
    printf3.o(i.__0printf$3) refers to retarget.o(i.fputc) for fputc
    printf3.o(i.__0printf$3) refers to retarget.o(.data) for __stdout
    printf3.o(i.__0snprintf$3) refers to printf3.o(i._printf_core) for _printf_core
    printf3.o(i.__0snprintf$3) refers to printf3.o(i._snputc) for _snputc
    printf3.o(i.__0sprintf$3) refers to printf3.o(i._printf_core) for _printf_core
    printf3.o(i.__0sprintf$3) refers to printf3.o(i._sputc) for _sputc
    printf3.o(i.__0vfprintf$3) refers to printf3.o(i._printf_core) for _printf_core
    printf3.o(i.__0vfprintf$3) refers to retarget.o(i.fputc) for fputc
    printf3.o(i.__0vprintf$3) refers to printf3.o(i._printf_core) for _printf_core
    printf3.o(i.__0vprintf$3) refers to retarget.o(i.fputc) for fputc
    printf3.o(i.__0vprintf$3) refers to retarget.o(.data) for __stdout
    printf3.o(i.__0vsnprintf$3) refers to printf3.o(i._printf_core) for _printf_core
    printf3.o(i.__0vsnprintf$3) refers to printf3.o(i._snputc) for _snputc
    printf3.o(i.__0vsprintf$3) refers to printf3.o(i._printf_core) for _printf_core
    printf3.o(i.__0vsprintf$3) refers to printf3.o(i._sputc) for _sputc
    printf3.o(i._printf_core) refers to uidiv.o(.text) for __aeabi_uidivmod
    printf4.o(i.__0fprintf$4) refers to printf4.o(i._printf_core) for _printf_core
    printf4.o(i.__0fprintf$4) refers to retarget.o(i.fputc) for fputc
    printf4.o(i.__0printf$4) refers to printf4.o(i._printf_core) for _printf_core
    printf4.o(i.__0printf$4) refers to retarget.o(i.fputc) for fputc
    printf4.o(i.__0printf$4) refers to retarget.o(.data) for __stdout
    printf4.o(i.__0snprintf$4) refers to printf4.o(i._printf_core) for _printf_core
    printf4.o(i.__0snprintf$4) refers to printf4.o(i._snputc) for _snputc
    printf4.o(i.__0sprintf$4) refers to printf4.o(i._printf_core) for _printf_core
    printf4.o(i.__0sprintf$4) refers to printf4.o(i._sputc) for _sputc
    printf4.o(i.__0vfprintf$4) refers to printf4.o(i._printf_core) for _printf_core
    printf4.o(i.__0vfprintf$4) refers to retarget.o(i.fputc) for fputc
    printf4.o(i.__0vprintf$4) refers to printf4.o(i._printf_core) for _printf_core
    printf4.o(i.__0vprintf$4) refers to retarget.o(i.fputc) for fputc
    printf4.o(i.__0vprintf$4) refers to retarget.o(.data) for __stdout
    printf4.o(i.__0vsnprintf$4) refers to printf4.o(i._printf_core) for _printf_core
    printf4.o(i.__0vsnprintf$4) refers to printf4.o(i._snputc) for _snputc
    printf4.o(i.__0vsprintf$4) refers to printf4.o(i._printf_core) for _printf_core
    printf4.o(i.__0vsprintf$4) refers to printf4.o(i._sputc) for _sputc
    printf4.o(i._printf_core) refers to uldiv.o(.text) for __aeabi_uldivmod
    printf5.o(i.__0fprintf$5) refers to printf5.o(i._printf_core) for _printf_core
    printf5.o(i.__0fprintf$5) refers to retarget.o(i.fputc) for fputc
    printf5.o(i.__0printf$5) refers to printf5.o(i._printf_core) for _printf_core
    printf5.o(i.__0printf$5) refers to retarget.o(i.fputc) for fputc
    printf5.o(i.__0printf$5) refers to retarget.o(.data) for __stdout
    printf5.o(i.__0snprintf$5) refers to printf5.o(i._printf_core) for _printf_core
    printf5.o(i.__0snprintf$5) refers to printf5.o(i._snputc) for _snputc
    printf5.o(i.__0sprintf$5) refers to printf5.o(i._printf_core) for _printf_core
    printf5.o(i.__0sprintf$5) refers to printf5.o(i._sputc) for _sputc
    printf5.o(i.__0vfprintf$5) refers to printf5.o(i._printf_core) for _printf_core
    printf5.o(i.__0vfprintf$5) refers to retarget.o(i.fputc) for fputc
    printf5.o(i.__0vprintf$5) refers to printf5.o(i._printf_core) for _printf_core
    printf5.o(i.__0vprintf$5) refers to retarget.o(i.fputc) for fputc
    printf5.o(i.__0vprintf$5) refers to retarget.o(.data) for __stdout
    printf5.o(i.__0vsnprintf$5) refers to printf5.o(i._printf_core) for _printf_core
    printf5.o(i.__0vsnprintf$5) refers to printf5.o(i._snputc) for _snputc
    printf5.o(i.__0vsprintf$5) refers to printf5.o(i._printf_core) for _printf_core
    printf5.o(i.__0vsprintf$5) refers to printf5.o(i._sputc) for _sputc
    printf5.o(i._printf_core) refers to uldiv.o(.text) for __aeabi_uldivmod
    printf6.o(i.__0fprintf$6) refers to printf6.o(i._printf_core) for _printf_core
    printf6.o(i.__0fprintf$6) refers to retarget.o(i.fputc) for fputc
    printf6.o(i.__0printf$6) refers to printf6.o(i._printf_core) for _printf_core
    printf6.o(i.__0printf$6) refers to retarget.o(i.fputc) for fputc
    printf6.o(i.__0printf$6) refers to retarget.o(.data) for __stdout
    printf6.o(i.__0snprintf$6) refers to printf6.o(i._printf_core) for _printf_core
    printf6.o(i.__0snprintf$6) refers to printf6.o(i._snputc) for _snputc
    printf6.o(i.__0sprintf$6) refers to printf6.o(i._printf_core) for _printf_core
    printf6.o(i.__0sprintf$6) refers to printf6.o(i._sputc) for _sputc
    printf6.o(i.__0vfprintf$6) refers to printf6.o(i._printf_core) for _printf_core
    printf6.o(i.__0vfprintf$6) refers to retarget.o(i.fputc) for fputc
    printf6.o(i.__0vprintf$6) refers to printf6.o(i._printf_core) for _printf_core
    printf6.o(i.__0vprintf$6) refers to retarget.o(i.fputc) for fputc
    printf6.o(i.__0vprintf$6) refers to retarget.o(.data) for __stdout
    printf6.o(i.__0vsnprintf$6) refers to printf6.o(i._printf_core) for _printf_core
    printf6.o(i.__0vsnprintf$6) refers to printf6.o(i._snputc) for _snputc
    printf6.o(i.__0vsprintf$6) refers to printf6.o(i._printf_core) for _printf_core
    printf6.o(i.__0vsprintf$6) refers to printf6.o(i._sputc) for _sputc
    printf6.o(i._printf_core) refers to printf6.o(i._printf_pre_padding) for _printf_pre_padding
    printf6.o(i._printf_core) refers to printf6.o(i._printf_post_padding) for _printf_post_padding
    printf6.o(i._printf_core) refers to uidiv.o(.text) for __aeabi_uidivmod
    printf7.o(i.__0fprintf$7) refers to printf7.o(i._printf_core) for _printf_core
    printf7.o(i.__0fprintf$7) refers to retarget.o(i.fputc) for fputc
    printf7.o(i.__0printf$7) refers to printf7.o(i._printf_core) for _printf_core
    printf7.o(i.__0printf$7) refers to retarget.o(i.fputc) for fputc
    printf7.o(i.__0printf$7) refers to retarget.o(.data) for __stdout
    printf7.o(i.__0snprintf$7) refers to printf7.o(i._printf_core) for _printf_core
    printf7.o(i.__0snprintf$7) refers to printf7.o(i._snputc) for _snputc
    printf7.o(i.__0sprintf$7) refers to printf7.o(i._printf_core) for _printf_core
    printf7.o(i.__0sprintf$7) refers to printf7.o(i._sputc) for _sputc
    printf7.o(i.__0vfprintf$7) refers to printf7.o(i._printf_core) for _printf_core
    printf7.o(i.__0vfprintf$7) refers to retarget.o(i.fputc) for fputc
    printf7.o(i.__0vprintf$7) refers to printf7.o(i._printf_core) for _printf_core
    printf7.o(i.__0vprintf$7) refers to retarget.o(i.fputc) for fputc
    printf7.o(i.__0vprintf$7) refers to retarget.o(.data) for __stdout
    printf7.o(i.__0vsnprintf$7) refers to printf7.o(i._printf_core) for _printf_core
    printf7.o(i.__0vsnprintf$7) refers to printf7.o(i._snputc) for _snputc
    printf7.o(i.__0vsprintf$7) refers to printf7.o(i._printf_core) for _printf_core
    printf7.o(i.__0vsprintf$7) refers to printf7.o(i._sputc) for _sputc
    printf7.o(i._printf_core) refers to printf7.o(i._printf_pre_padding) for _printf_pre_padding
    printf7.o(i._printf_core) refers to printf7.o(i._printf_post_padding) for _printf_post_padding
    printf7.o(i._printf_core) refers to uldiv.o(.text) for __aeabi_uldivmod
    printf8.o(i.__0fprintf$8) refers to printf8.o(i._printf_core) for _printf_core
    printf8.o(i.__0fprintf$8) refers to retarget.o(i.fputc) for fputc
    printf8.o(i.__0printf$8) refers to printf8.o(i._printf_core) for _printf_core
    printf8.o(i.__0printf$8) refers to retarget.o(i.fputc) for fputc
    printf8.o(i.__0printf$8) refers to retarget.o(.data) for __stdout
    printf8.o(i.__0snprintf$8) refers to printf8.o(i._printf_core) for _printf_core
    printf8.o(i.__0snprintf$8) refers to printf8.o(i._snputc) for _snputc
    printf8.o(i.__0sprintf$8) refers to printf8.o(i._printf_core) for _printf_core
    printf8.o(i.__0sprintf$8) refers to printf8.o(i._sputc) for _sputc
    printf8.o(i.__0vfprintf$8) refers to printf8.o(i._printf_core) for _printf_core
    printf8.o(i.__0vfprintf$8) refers to retarget.o(i.fputc) for fputc
    printf8.o(i.__0vprintf$8) refers to printf8.o(i._printf_core) for _printf_core
    printf8.o(i.__0vprintf$8) refers to retarget.o(i.fputc) for fputc
    printf8.o(i.__0vprintf$8) refers to retarget.o(.data) for __stdout
    printf8.o(i.__0vsnprintf$8) refers to printf8.o(i._printf_core) for _printf_core
    printf8.o(i.__0vsnprintf$8) refers to printf8.o(i._snputc) for _snputc
    printf8.o(i.__0vsprintf$8) refers to printf8.o(i._printf_core) for _printf_core
    printf8.o(i.__0vsprintf$8) refers to printf8.o(i._sputc) for _sputc
    printf8.o(i._printf_core) refers to printf8.o(i._printf_pre_padding) for _printf_pre_padding
    printf8.o(i._printf_core) refers to printf8.o(i._printf_post_padding) for _printf_post_padding
    printf8.o(i._printf_core) refers to uldiv.o(.text) for __aeabi_uldivmod
    printfa.o(i.__0fprintf) refers (Special) to iusefp.o(.text) for __I$use$fp
    printfa.o(i.__0fprintf) refers to printfa.o(i._printf_core) for _printf_core
    printfa.o(i.__0fprintf) refers to retarget.o(i.fputc) for fputc
    printfa.o(i.__0printf) refers (Special) to iusefp.o(.text) for __I$use$fp
    printfa.o(i.__0printf) refers to printfa.o(i._printf_core) for _printf_core
    printfa.o(i.__0printf) refers to retarget.o(i.fputc) for fputc
    printfa.o(i.__0printf) refers to retarget.o(.data) for __stdout
    printfa.o(i.__0snprintf) refers (Special) to iusefp.o(.text) for __I$use$fp
    printfa.o(i.__0snprintf) refers to printfa.o(i._printf_core) for _printf_core
    printfa.o(i.__0snprintf) refers to printfa.o(i._snputc) for _snputc
    printfa.o(i.__0sprintf) refers (Special) to iusefp.o(.text) for __I$use$fp
    printfa.o(i.__0sprintf) refers to printfa.o(i._printf_core) for _printf_core
    printfa.o(i.__0sprintf) refers to printfa.o(i._sputc) for _sputc
    printfa.o(i.__0vfprintf) refers (Special) to iusefp.o(.text) for __I$use$fp
    printfa.o(i.__0vfprintf) refers to printfa.o(i._printf_core) for _printf_core
    printfa.o(i.__0vfprintf) refers to retarget.o(i.fputc) for fputc
    printfa.o(i.__0vprintf) refers (Special) to iusefp.o(.text) for __I$use$fp
    printfa.o(i.__0vprintf) refers to printfa.o(i._printf_core) for _printf_core
    printfa.o(i.__0vprintf) refers to retarget.o(i.fputc) for fputc
    printfa.o(i.__0vprintf) refers to retarget.o(.data) for __stdout
    printfa.o(i.__0vsnprintf) refers (Special) to iusefp.o(.text) for __I$use$fp
    printfa.o(i.__0vsnprintf) refers to printfa.o(i._printf_core) for _printf_core
    printfa.o(i.__0vsnprintf) refers to printfa.o(i._snputc) for _snputc
    printfa.o(i.__0vsprintf) refers (Special) to iusefp.o(.text) for __I$use$fp
    printfa.o(i.__0vsprintf) refers to printfa.o(i._printf_core) for _printf_core
    printfa.o(i.__0vsprintf) refers to printfa.o(i._sputc) for _sputc
    printfa.o(i._fp_digits) refers (Special) to iusefp.o(.text) for __I$use$fp
    printfa.o(i._fp_digits) refers to dmul.o(.text) for __aeabi_dmul
    printfa.o(i._fp_digits) refers to ddiv.o(.text) for __aeabi_ddiv
    printfa.o(i._fp_digits) refers to cdrcmple.o(.text) for __aeabi_cdrcmple
    printfa.o(i._fp_digits) refers to dadd.o(.text) for __aeabi_dadd
    printfa.o(i._fp_digits) refers to dfixul.o(.text) for __aeabi_d2ulz
    printfa.o(i._fp_digits) refers to uldiv.o(.text) for __aeabi_uldivmod
    printfa.o(i._printf_core) refers (Special) to iusefp.o(.text) for __I$use$fp
    printfa.o(i._printf_core) refers to printfa.o(i._printf_pre_padding) for _printf_pre_padding
    printfa.o(i._printf_core) refers to uldiv.o(.text) for __aeabi_uldivmod
    printfa.o(i._printf_core) refers to printfa.o(i._printf_post_padding) for _printf_post_padding
    printfa.o(i._printf_core) refers to printfa.o(i._fp_digits) for _fp_digits
    printfa.o(i._printf_core) refers to uidiv.o(.text) for __aeabi_uidivmod
    printfa.o(i._printf_post_padding) refers (Special) to iusefp.o(.text) for __I$use$fp
    printfa.o(i._printf_pre_padding) refers (Special) to iusefp.o(.text) for __I$use$fp
    printfa.o(i._snputc) refers (Special) to iusefp.o(.text) for __I$use$fp
    printfa.o(i._sputc) refers (Special) to iusefp.o(.text) for __I$use$fp
    entry2.o(.ARM.Collect$$$$00000001) refers to entry2.o(.ARM.Collect$$$$00002712) for __lit__00000000
    entry2.o(.ARM.Collect$$$$00002712) refers to startup_nuc123.o(STACK) for __initial_sp
    entry2.o(__vectab_stack_and_reset_area) refers to startup_nuc123.o(STACK) for __initial_sp
    entry2.o(__vectab_stack_and_reset_area) refers to entry.o(.ARM.Collect$$$$00000000) for __main
    entry5.o(.ARM.Collect$$$$00000004) refers to init.o(.text) for __scatterload
    entry9a.o(.ARM.Collect$$$$0000000B) refers to main.o(i.main) for main
    entry9b.o(.ARM.Collect$$$$0000000C) refers to main.o(i.main) for main
    uldiv.o(.text) refers to llushr.o(.text) for __aeabi_llsr
    uldiv.o(.text) refers to llshl.o(.text) for __aeabi_llsl
    dadd.o(.text) refers to llshl.o(.text) for __aeabi_llsl
    dadd.o(.text) refers to llsshr.o(.text) for __aeabi_lasr
    dadd.o(.text) refers to depilogue.o(.text) for _double_epilogue
    dmul.o(.text) refers to depilogue.o(.text) for _double_epilogue
    ddiv.o(.text) refers to depilogue.o(.text) for _double_round
    dfixul.o(.text) refers to llushr.o(.text) for __aeabi_llsr
    dfixul.o(.text) refers to llshl.o(.text) for __aeabi_llsl
    init.o(.text) refers to entry5.o(.ARM.Collect$$$$00000004) for __main_after_scatterload
    depilogue.o(.text) refers to depilogue.o(i.__ARM_clz) for __ARM_clz
    depilogue.o(.text) refers to llshl.o(.text) for __aeabi_llsl
    depilogue.o(.text) refers to llushr.o(.text) for __aeabi_llsr


==============================================================================

Removing Unused input sections from the image.

    Removing startup_nuc123.o(HEAP), (0 bytes).
    Removing system_nuc123.o(.rev16_text), (4 bytes).
    Removing system_nuc123.o(.revsh_text), (4 bytes).
    Removing main.o(.rev16_text), (4 bytes).
    Removing main.o(.revsh_text), (4 bytes).
    Removing retarget.o(.rev16_text), (4 bytes).
    Removing retarget.o(.revsh_text), (4 bytes).
    Removing retarget.o(i.IsDebugFifoEmpty), (16 bytes).
    Removing retarget.o(i.SendChar), (8 bytes).
    Removing retarget.o(i._ttywrch), (8 bytes).
    Removing retarget.o(i.ferror), (6 bytes).
    Removing retarget.o(i.kbhit), (16 bytes).
    Removing clk.o(.rev16_text), (4 bytes).
    Removing clk.o(.revsh_text), (4 bytes).
    Removing clk.o(i.CLK_DisableCKO), (16 bytes).
    Removing clk.o(i.CLK_DisablePLL), (16 bytes).
    Removing clk.o(i.CLK_DisableSysTick), (12 bytes).
    Removing clk.o(i.CLK_DisableXtalRC), (16 bytes).
    Removing clk.o(i.CLK_EnableCKO), (40 bytes).
    Removing clk.o(i.CLK_EnableSysTick), (56 bytes).
    Removing clk.o(i.CLK_GetCPUFreq), (16 bytes).
    Removing clk.o(i.CLK_GetHCLKFreq), (16 bytes).
    Removing clk.o(i.CLK_GetHXTFreq), (20 bytes).
    Removing clk.o(i.CLK_GetPCLKFreq), (32 bytes).
    Removing clk.o(i.CLK_Idle), (32 bytes).
    Removing clk.o(i.CLK_PowerDown), (36 bytes).
    Removing clk.o(i.CLK_SetSysTickClockSrc), (20 bytes).
    Removing i2c.o(.rev16_text), (4 bytes).
    Removing i2c.o(.revsh_text), (4 bytes).
    Removing i2c.o(i.I2C_DisableTimeout), (10 bytes).
    Removing i2c.o(i.I2C_DisableWakeup), (10 bytes).
    Removing i2c.o(i.I2C_EnableTimeout), (26 bytes).
    Removing i2c.o(i.I2C_EnableWakeup), (10 bytes).
    Removing i2c.o(i.I2C_GetData), (6 bytes).
    Removing i2c.o(i.I2C_GetIntFlag), (8 bytes).
    Removing i2c.o(i.I2C_GetStatus), (4 bytes).
    Removing i2c.o(i.I2C_ReadByte), (94 bytes).
    Removing i2c.o(i.I2C_ReadByteOneReg), (122 bytes).
    Removing i2c.o(i.I2C_ReadByteTwoRegs), (150 bytes).
    Removing i2c.o(i.I2C_ReadMultiBytes), (122 bytes).
    Removing i2c.o(i.I2C_ReadMultiBytesOneReg), (142 bytes).
    Removing i2c.o(i.I2C_ReadMultiBytesTwoRegs), (166 bytes).
    Removing i2c.o(i.I2C_SetBusClockFreq), (48 bytes).
    Removing i2c.o(i.I2C_SetData), (4 bytes).
    Removing i2c.o(i.I2C_SetSlaveAddrMask), (30 bytes).
    Removing i2c.o(i.I2C_Trigger), (48 bytes).
    Removing i2c.o(i.I2C_WriteByte), (90 bytes).
    Removing i2c.o(i.I2C_WriteByteOneReg), (112 bytes).
    Removing i2c.o(i.I2C_WriteByteTwoRegs), (134 bytes).
    Removing i2c.o(i.I2C_WriteMultiBytes), (106 bytes).
    Removing i2c.o(i.I2C_WriteMultiBytesOneReg), (112 bytes).
    Removing i2c.o(i.I2C_WriteMultiBytesTwoRegs), (136 bytes).
    Removing sys.o(.rev16_text), (4 bytes).
    Removing sys.o(.revsh_text), (4 bytes).
    Removing sys.o(i.SYS_ClearResetSrc), (12 bytes).
    Removing sys.o(i.SYS_DisableBOD), (14 bytes).
    Removing sys.o(i.SYS_EnableBOD), (36 bytes).
    Removing sys.o(i.SYS_GetBODStatus), (12 bytes).
    Removing sys.o(i.SYS_GetResetSrc), (8 bytes).
    Removing sys.o(i.SYS_IsRegLocked), (16 bytes).
    Removing sys.o(i.SYS_ReadPDID), (8 bytes).
    Removing sys.o(i.SYS_ResetCPU), (14 bytes).
    Removing sys.o(i.SYS_ResetChip), (14 bytes).
    Removing uart.o(.rev16_text), (4 bytes).
    Removing uart.o(.revsh_text), (4 bytes).
    Removing uart.o(i.UART_ClearIntFlag), (40 bytes).
    Removing uart.o(i.UART_Close), (6 bytes).
    Removing uart.o(i.UART_DisableFlowCtrl), (12 bytes).
    Removing uart.o(i.UART_DisableInt), (36 bytes).
    Removing uart.o(i.UART_EnableFlowCtrl), (30 bytes).
    Removing uart.o(i.UART_EnableInt), (36 bytes).
    Removing uart.o(i.UART_Read), (44 bytes).
    Removing uart.o(i.UART_SelectIrDAMode), (132 bytes).
    Removing uart.o(i.UART_SelectRS485Mode), (32 bytes).
    Removing uart.o(i.UART_SetLine_Config), (128 bytes).
    Removing uart.o(i.UART_SetTimeoutCnt), (22 bytes).
    Removing uart.o(i.UART_Write), (44 bytes).
    Removing dadd.o(.text), (356 bytes).
    Removing dmul.o(.text), (208 bytes).
    Removing ddiv.o(.text), (240 bytes).
    Removing dfixul.o(.text), (64 bytes).
    Removing cdrcmple.o(.text), (40 bytes).
    Removing depilogue.o(.text), (190 bytes).
    Removing i2c.o(i.__ARM_common_switch8), (26 bytes).
    Removing depilogue.o(i.__ARM_clz), (46 bytes).

85 unused section(s) (total 3994 bytes) removed from the image.

==============================================================================

Image Symbol Table

    Local Symbols

    Symbol Name                              Value     Ov Type        Size  Object(Section)

    RESET                                    0x00000000   Section      192  startup_nuc123.o(RESET)
    ../clib/microlib/division.c              0x00000000   Number         0  uidiv.o ABSOLUTE
    ../clib/microlib/division.c              0x00000000   Number         0  uldiv.o ABSOLUTE
    ../clib/microlib/init/entry.s            0x00000000   Number         0  entry8b.o ABSOLUTE
    ../clib/microlib/init/entry.s            0x00000000   Number         0  entry8a.o ABSOLUTE
    ../clib/microlib/init/entry.s            0x00000000   Number         0  entry.o ABSOLUTE
    ../clib/microlib/init/entry.s            0x00000000   Number         0  entry11a.o ABSOLUTE
    ../clib/microlib/init/entry.s            0x00000000   Number         0  entry7b.o ABSOLUTE
    ../clib/microlib/init/entry.s            0x00000000   Number         0  entry7a.o ABSOLUTE
    ../clib/microlib/init/entry.s            0x00000000   Number         0  entry11b.o ABSOLUTE
    ../clib/microlib/init/entry.s            0x00000000   Number         0  entry2.o ABSOLUTE
    ../clib/microlib/init/entry.s            0x00000000   Number         0  entry5.o ABSOLUTE
    ../clib/microlib/init/entry.s            0x00000000   Number         0  entry10b.o ABSOLUTE
    ../clib/microlib/init/entry.s            0x00000000   Number         0  entry10a.o ABSOLUTE
    ../clib/microlib/init/entry.s            0x00000000   Number         0  entry9b.o ABSOLUTE
    ../clib/microlib/init/entry.s            0x00000000   Number         0  entry9a.o ABSOLUTE
    ../clib/microlib/longlong.c              0x00000000   Number         0  llsshr.o ABSOLUTE
    ../clib/microlib/longlong.c              0x00000000   Number         0  llushr.o ABSOLUTE
    ../clib/microlib/longlong.c              0x00000000   Number         0  llshl.o ABSOLUTE
    ../clib/microlib/printf/printf.c         0x00000000   Number         0  printfb.o ABSOLUTE
    ../clib/microlib/printf/printf.c         0x00000000   Number         0  printf0.o ABSOLUTE
    ../clib/microlib/printf/printf.c         0x00000000   Number         0  printf1.o ABSOLUTE
    ../clib/microlib/printf/printf.c         0x00000000   Number         0  printf2.o ABSOLUTE
    ../clib/microlib/printf/printf.c         0x00000000   Number         0  printfa.o ABSOLUTE
    ../clib/microlib/printf/printf.c         0x00000000   Number         0  printf8.o ABSOLUTE
    ../clib/microlib/printf/printf.c         0x00000000   Number         0  printf7.o ABSOLUTE
    ../clib/microlib/printf/printf.c         0x00000000   Number         0  printf6.o ABSOLUTE
    ../clib/microlib/printf/printf.c         0x00000000   Number         0  printf5.o ABSOLUTE
    ../clib/microlib/printf/printf.c         0x00000000   Number         0  printf4.o ABSOLUTE
    ../clib/microlib/printf/printf.c         0x00000000   Number         0  printf3.o ABSOLUTE
    ../clib/microlib/printf/stubs.s          0x00000000   Number         0  stubs.o ABSOLUTE
    ../clib/microlib/stdio/getc.c            0x00000000   Number         0  getc.o ABSOLUTE
    ../clib/microlib/stubs.s                 0x00000000   Number         0  iusefp.o ABSOLUTE
    ../fplib/microlib/fpadd.c                0x00000000   Number         0  dadd.o ABSOLUTE
    ../fplib/microlib/fpdiv.c                0x00000000   Number         0  ddiv.o ABSOLUTE
    ../fplib/microlib/fpepilogue.c           0x00000000   Number         0  depilogue.o ABSOLUTE
    ../fplib/microlib/fpfix.c                0x00000000   Number         0  dfixul.o ABSOLUTE
    ../fplib/microlib/fpmul.c                0x00000000   Number         0  dmul.o ABSOLUTE
    ..\..\..\..\Library\Device\Nuvoton\NUC123\Source\ARM\startup_NUC123.s 0x00000000   Number         0  startup_nuc123.o ABSOLUTE
    ..\..\..\..\Library\Device\Nuvoton\NUC123\Source\system_NUC123.c 0x00000000   Number         0  system_nuc123.o ABSOLUTE
    ..\..\..\..\Library\StdDriver\src\clk.c  0x00000000   Number         0  clk.o ABSOLUTE
    ..\..\..\..\Library\StdDriver\src\i2c.c  0x00000000   Number         0  i2c.o ABSOLUTE
    ..\..\..\..\Library\StdDriver\src\retarget.c 0x00000000   Number         0  retarget.o ABSOLUTE
    ..\..\..\..\Library\StdDriver\src\sys.c  0x00000000   Number         0  sys.o ABSOLUTE
    ..\..\..\..\Library\StdDriver\src\uart.c 0x00000000   Number         0  uart.o ABSOLUTE
    ..\\..\\..\\..\\Library\\Device\\Nuvoton\\NUC123\\Source\\system_NUC123.c 0x00000000   Number         0  system_nuc123.o ABSOLUTE
    ..\\..\\..\\..\\Library\\StdDriver\\src\\clk.c 0x00000000   Number         0  clk.o ABSOLUTE
    ..\\..\\..\\..\\Library\\StdDriver\\src\\i2c.c 0x00000000   Number         0  i2c.o ABSOLUTE
    ..\\..\\..\\..\\Library\\StdDriver\\src\\retarget.c 0x00000000   Number         0  retarget.o ABSOLUTE
    ..\\..\\..\\..\\Library\\StdDriver\\src\\sys.c 0x00000000   Number         0  sys.o ABSOLUTE
    ..\\..\\..\\..\\Library\\StdDriver\\src\\uart.c 0x00000000   Number         0  uart.o ABSOLUTE
    ..\\main.c                               0x00000000   Number         0  main.o ABSOLUTE
    ..\main.c                                0x00000000   Number         0  main.o ABSOLUTE
    cdrcmple.s                               0x00000000   Number         0  cdrcmple.o ABSOLUTE
    handlers.s                               0x00000000   Number         0  handlers.o ABSOLUTE
    init.s                                   0x00000000   Number         0  init.o ABSOLUTE
    .ARM.Collect$$$$00000000                 0x000000c0   Section        0  entry.o(.ARM.Collect$$$$00000000)
    .ARM.Collect$$$$00000001                 0x000000c0   Section        4  entry2.o(.ARM.Collect$$$$00000001)
    .ARM.Collect$$$$00000004                 0x000000c4   Section        4  entry5.o(.ARM.Collect$$$$00000004)
    .ARM.Collect$$$$00000008                 0x000000c8   Section        0  entry7b.o(.ARM.Collect$$$$00000008)
    .ARM.Collect$$$$0000000A                 0x000000c8   Section        0  entry8b.o(.ARM.Collect$$$$0000000A)
    .ARM.Collect$$$$0000000B                 0x000000c8   Section        8  entry9a.o(.ARM.Collect$$$$0000000B)
    .ARM.Collect$$$$0000000D                 0x000000d0   Section        0  entry10a.o(.ARM.Collect$$$$0000000D)
    .ARM.Collect$$$$0000000F                 0x000000d0   Section        0  entry11a.o(.ARM.Collect$$$$0000000F)
    .ARM.Collect$$$$00002712                 0x000000d0   Section        4  entry2.o(.ARM.Collect$$$$00002712)
    __lit__00000000                          0x000000d0   Data           4  entry2.o(.ARM.Collect$$$$00002712)
    .emb_text                                0x000000d4   Section       28  retarget.o(.emb_text)
    .text                                    0x000000f0   Section       76  startup_nuc123.o(.text)
    Default_Handler                          0x0000011b   Thumb Code     2  startup_nuc123.o(.text)
    .text                                    0x0000013c   Section        0  uidiv.o(.text)
    .text                                    0x00000168   Section        0  uldiv.o(.text)
    .text                                    0x000001c8   Section       36  init.o(.text)
    .text                                    0x000001ec   Section        0  llshl.o(.text)
    .text                                    0x0000020c   Section        0  llushr.o(.text)
    i.CLK_DisableModuleClock                 0x00000230   Section        0  clk.o(i.CLK_DisableModuleClock)
    i.CLK_EnableModuleClock                  0x0000024c   Section        0  clk.o(i.CLK_EnableModuleClock)
    i.CLK_EnablePLL                          0x00000268   Section        0  clk.o(i.CLK_EnablePLL)
    i.CLK_EnableXtalRC                       0x00000400   Section        0  clk.o(i.CLK_EnableXtalRC)
    i.CLK_GetPLLClockFreq                    0x00000410   Section        0  uart.o(i.CLK_GetPLLClockFreq)
    CLK_GetPLLClockFreq                      0x00000411   Thumb Code    70  uart.o(i.CLK_GetPLLClockFreq)
    i.CLK_SetCoreClock                       0x00000468   Section        0  clk.o(i.CLK_SetCoreClock)
    i.CLK_SetHCLK                            0x000004e8   Section        0  clk.o(i.CLK_SetHCLK)
    i.CLK_SetModuleClock                     0x00000534   Section        0  clk.o(i.CLK_SetModuleClock)
    i.CLK_WaitClockReady                     0x000005c4   Section        0  clk.o(i.CLK_WaitClockReady)
    i.GetChar                                0x000005f0   Section        0  retarget.o(i.GetChar)
    i.Hard_Fault_Handler                     0x00000604   Section        0  retarget.o(i.Hard_Fault_Handler)
    __tagsym$$used                           0x00000605   Number         0  retarget.o(i.Hard_Fault_Handler)
    i.I2C0_Close                             0x0000062c   Section        0  main.o(i.I2C0_Close)
    i.I2C0_IRQHandler                        0x00000658   Section        0  main.o(i.I2C0_IRQHandler)
    i.I2C0_Init                              0x00000684   Section        0  main.o(i.I2C0_Init)
    i.I2C0_Read_Write_SLAVE                  0x00000700   Section        0  main.o(i.I2C0_Read_Write_SLAVE)
    i.I2C_ClearTimeoutFlag                   0x000007d0   Section        0  i2c.o(i.I2C_ClearTimeoutFlag)
    i.I2C_Close                              0x000007dc   Section        0  i2c.o(i.I2C_Close)
    i.I2C_DisableInt                         0x00000814   Section        0  i2c.o(i.I2C_DisableInt)
    i.I2C_EnableInt                          0x0000081e   Section        0  i2c.o(i.I2C_EnableInt)
    i.I2C_GetBusClockFreq                    0x00000828   Section        0  i2c.o(i.I2C_GetBusClockFreq)
    i.I2C_MasterRx                           0x00000840   Section        0  main.o(i.I2C_MasterRx)
    i.I2C_MasterTx                           0x000008e4   Section        0  main.o(i.I2C_MasterTx)
    i.I2C_Open                               0x00000968   Section        0  i2c.o(i.I2C_Open)
    i.I2C_SetSlaveAddr                       0x000009a0   Section        0  i2c.o(i.I2C_SetSlaveAddr)
    i.SYS_Init                               0x000009c0   Section        0  main.o(i.SYS_Init)
    i.SYS_ResetModule                        0x00000a58   Section        0  sys.o(i.SYS_ResetModule)
    i.SendChar_ToUART                        0x00000a74   Section        0  retarget.o(i.SendChar_ToUART)
    i.SystemCoreClockUpdate                  0x00000a94   Section        0  system_nuc123.o(i.SystemCoreClockUpdate)
    i.SystemInit                             0x00000b2c   Section        0  system_nuc123.o(i.SystemInit)
    i.UART0_Init                             0x00000b30   Section        0  main.o(i.UART0_Init)
    i.UART_Open                              0x00000b4c   Section        0  uart.o(i.UART_Open)
    i.__0printf$5                            0x00000bd4   Section        0  printf5.o(i.__0printf$5)
    i.__scatterload_copy                     0x00000bf4   Section       14  handlers.o(i.__scatterload_copy)
    i.__scatterload_null                     0x00000c02   Section        2  handlers.o(i.__scatterload_null)
    i.__scatterload_zeroinit                 0x00000c04   Section       14  handlers.o(i.__scatterload_zeroinit)
    i._printf_core                           0x00000c14   Section        0  printf5.o(i._printf_core)
    _printf_core                             0x00000c15   Thumb Code   688  printf5.o(i._printf_core)
    i.fgetc                                  0x00000ef0   Section        0  retarget.o(i.fgetc)
    i.fputc                                  0x00000ef8   Section        0  retarget.o(i.fputc)
    i.getc                                   0x00000f04   Section        0  getc.o(i.getc)
    i.main                                   0x00000f0c   Section        0  main.o(i.main)
    i.stackDump                              0x0000121c   Section        0  retarget.o(i.stackDump)
    stackDump                                0x0000121d   Thumb Code    70  retarget.o(i.stackDump)
    .constdata                               0x000012c4   Section       12  clk.o(.constdata)
    .constdata                               0x000012d0   Section       48  uart.o(.constdata)
    .data                                    0x20000000   Section       44  system_nuc123.o(.data)
    .data                                    0x2000002c   Section       12  main.o(.data)
    s_I2C0HandlerFn                          0x20000034   Data           4  main.o(.data)
    .data                                    0x20000038   Section        4  retarget.o(.data)
    .data                                    0x2000003c   Section        4  retarget.o(.data)
    STACK                                    0x20000040   Section     1024  startup_nuc123.o(STACK)

    Global Symbols

    Symbol Name                              Value     Ov Type        Size  Object(Section)

    BuildAttributes$$THM_ISAv3M$S$PE$A:L22$X:L11$S22$IEEE1$IW$USESV6$~STKCKD$USESV7$~SHL$OSPACE$ROPI$EBA8$MICROLIB$REQ8$PRES8$EABIv2 0x00000000   Number         0  anon$$obj.o ABSOLUTE
    __ARM_use_no_argv                        0x00000000   Number         0  main.o ABSOLUTE
    __Vectors                                0x00000000   Data           4  startup_nuc123.o(RESET)
    _printf_a                                0x00000000   Number         0  stubs.o ABSOLUTE
    _printf_c                                0x00000000   Number         0  stubs.o ABSOLUTE
    _printf_charcount                        0x00000000   Number         0  stubs.o ABSOLUTE
    _printf_d                                0x00000000   Number         0  stubs.o ABSOLUTE
    _printf_e                                0x00000000   Number         0  stubs.o ABSOLUTE
    _printf_f                                0x00000000   Number         0  stubs.o ABSOLUTE
    _printf_flags                            0x00000000   Number         0  stubs.o ABSOLUTE
    _printf_fp_dec                           0x00000000   Number         0  stubs.o ABSOLUTE
    _printf_fp_hex                           0x00000000   Number         0  stubs.o ABSOLUTE
    _printf_g                                0x00000000   Number         0  stubs.o ABSOLUTE
    _printf_i                                0x00000000   Number         0  stubs.o ABSOLUTE
    _printf_int_dec                          0x00000000   Number         0  stubs.o ABSOLUTE
    _printf_l                                0x00000000   Number         0  stubs.o ABSOLUTE
    _printf_lc                               0x00000000   Number         0  stubs.o ABSOLUTE
    _printf_ll                               0x00000000   Number         0  stubs.o ABSOLUTE
    _printf_lld                              0x00000000   Number         0  stubs.o ABSOLUTE
    _printf_lli                              0x00000000   Number         0  stubs.o ABSOLUTE
    _printf_llo                              0x00000000   Number         0  stubs.o ABSOLUTE
    _printf_llu                              0x00000000   Number         0  stubs.o ABSOLUTE
    _printf_llx                              0x00000000   Number         0  stubs.o ABSOLUTE
    _printf_longlong_dec                     0x00000000   Number         0  stubs.o ABSOLUTE
    _printf_longlong_hex                     0x00000000   Number         0  stubs.o ABSOLUTE
    _printf_longlong_oct                     0x00000000   Number         0  stubs.o ABSOLUTE
    _printf_ls                               0x00000000   Number         0  stubs.o ABSOLUTE
    _printf_mbtowc                           0x00000000   Number         0  stubs.o ABSOLUTE
    _printf_n                                0x00000000   Number         0  stubs.o ABSOLUTE
    _printf_o                                0x00000000   Number         0  stubs.o ABSOLUTE
    _printf_p                                0x00000000   Number         0  stubs.o ABSOLUTE
    _printf_percent                          0x00000000   Number         0  stubs.o ABSOLUTE
    _printf_pre_padding                      0x00000000   Number         0  stubs.o ABSOLUTE
    _printf_return_value                     0x00000000   Number         0  stubs.o ABSOLUTE
    _printf_s                                0x00000000   Number         0  stubs.o ABSOLUTE
    _printf_sizespec                         0x00000000   Number         0  stubs.o ABSOLUTE
    _printf_str                              0x00000000   Number         0  stubs.o ABSOLUTE
    _printf_truncate_signed                  0x00000000   Number         0  stubs.o ABSOLUTE
    _printf_truncate_unsigned                0x00000000   Number         0  stubs.o ABSOLUTE
    _printf_u                                0x00000000   Number         0  stubs.o ABSOLUTE
    _printf_wc                               0x00000000   Number         0  stubs.o ABSOLUTE
    _printf_wctomb                           0x00000000   Number         0  stubs.o ABSOLUTE
    _printf_widthprec                        0x00000000   Number         0  stubs.o ABSOLUTE
    _printf_x                                0x00000000   Number         0  stubs.o ABSOLUTE
    __cpp_initialize__aeabi_                  - Undefined Weak Reference
    __cxa_finalize                            - Undefined Weak Reference
    __decompress                              - Undefined Weak Reference
    _clock_init                               - Undefined Weak Reference
    _microlib_exit                            - Undefined Weak Reference
    __main                                   0x000000c1   Thumb Code     0  entry.o(.ARM.Collect$$$$00000000)
    _main_stk                                0x000000c1   Thumb Code     0  entry2.o(.ARM.Collect$$$$00000001)
    _main_scatterload                        0x000000c5   Thumb Code     0  entry5.o(.ARM.Collect$$$$00000004)
    __main_after_scatterload                 0x000000c9   Thumb Code     0  entry5.o(.ARM.Collect$$$$00000004)
    _main_clock                              0x000000c9   Thumb Code     0  entry7b.o(.ARM.Collect$$$$00000008)
    _main_cpp_init                           0x000000c9   Thumb Code     0  entry8b.o(.ARM.Collect$$$$0000000A)
    _main_init                               0x000000c9   Thumb Code     0  entry9a.o(.ARM.Collect$$$$0000000B)
    __rt_final_cpp                           0x000000d1   Thumb Code     0  entry10a.o(.ARM.Collect$$$$0000000D)
    __rt_final_exit                          0x000000d1   Thumb Code     0  entry11a.o(.ARM.Collect$$$$0000000F)
    HardFault_Handler                        0x000000d5   Thumb Code    24  retarget.o(.emb_text)
    Reset_Handler                            0x000000f1   Thumb Code    32  startup_nuc123.o(.text)
    NMI_Handler                              0x00000111   Thumb Code     2  startup_nuc123.o(.text)
    SVC_Handler                              0x00000115   Thumb Code     2  startup_nuc123.o(.text)
    PendSV_Handler                           0x00000117   Thumb Code     2  startup_nuc123.o(.text)
    SysTick_Handler                          0x00000119   Thumb Code     2  startup_nuc123.o(.text)
    ACMP_IRQHandler                          0x0000011b   Thumb Code     0  startup_nuc123.o(.text)
    ADC_IRQHandler                           0x0000011b   Thumb Code     0  startup_nuc123.o(.text)
    BOD_IRQHandler                           0x0000011b   Thumb Code     0  startup_nuc123.o(.text)
    CAN0_IRQHandler                          0x0000011b   Thumb Code     0  startup_nuc123.o(.text)
    CAN1_IRQHandler                          0x0000011b   Thumb Code     0  startup_nuc123.o(.text)
    EINT0_IRQHandler                         0x0000011b   Thumb Code     0  startup_nuc123.o(.text)
    EINT1_IRQHandler                         0x0000011b   Thumb Code     0  startup_nuc123.o(.text)
    GPAB_IRQHandler                          0x0000011b   Thumb Code     0  startup_nuc123.o(.text)
    GPCDF_IRQHandler                         0x0000011b   Thumb Code     0  startup_nuc123.o(.text)
    I2C1_IRQHandler                          0x0000011b   Thumb Code     0  startup_nuc123.o(.text)
    I2S_IRQHandler                           0x0000011b   Thumb Code     0  startup_nuc123.o(.text)
    PDMA_IRQHandler                          0x0000011b   Thumb Code     0  startup_nuc123.o(.text)
    PS2_IRQHandler                           0x0000011b   Thumb Code     0  startup_nuc123.o(.text)
    PWMA_IRQHandler                          0x0000011b   Thumb Code     0  startup_nuc123.o(.text)
    PWRWU_IRQHandler                         0x0000011b   Thumb Code     0  startup_nuc123.o(.text)
    RTC_IRQHandler                           0x0000011b   Thumb Code     0  startup_nuc123.o(.text)
    SC012_IRQHandler                         0x0000011b   Thumb Code     0  startup_nuc123.o(.text)
    SPI0_IRQHandler                          0x0000011b   Thumb Code     0  startup_nuc123.o(.text)
    SPI1_IRQHandler                          0x0000011b   Thumb Code     0  startup_nuc123.o(.text)
    SPI2_IRQHandler                          0x0000011b   Thumb Code     0  startup_nuc123.o(.text)
    SPI3_IRQHandler                          0x0000011b   Thumb Code     0  startup_nuc123.o(.text)
    TMR0_IRQHandler                          0x0000011b   Thumb Code     0  startup_nuc123.o(.text)
    TMR1_IRQHandler                          0x0000011b   Thumb Code     0  startup_nuc123.o(.text)
    TMR2_IRQHandler                          0x0000011b   Thumb Code     0  startup_nuc123.o(.text)
    TMR3_IRQHandler                          0x0000011b   Thumb Code     0  startup_nuc123.o(.text)
    UART0_IRQHandler                         0x0000011b   Thumb Code     0  startup_nuc123.o(.text)
    UART1_IRQHandler                         0x0000011b   Thumb Code     0  startup_nuc123.o(.text)
    USBD_IRQHandler                          0x0000011b   Thumb Code     0  startup_nuc123.o(.text)
    WDT_IRQHandler                           0x0000011b   Thumb Code     0  startup_nuc123.o(.text)
    __aeabi_uidiv                            0x0000013d   Thumb Code     0  uidiv.o(.text)
    __aeabi_uidivmod                         0x0000013d   Thumb Code    44  uidiv.o(.text)
    __aeabi_uldivmod                         0x00000169   Thumb Code    96  uldiv.o(.text)
    __scatterload                            0x000001c9   Thumb Code    28  init.o(.text)
    __scatterload_rt2                        0x000001c9   Thumb Code     0  init.o(.text)
    __aeabi_llsl                             0x000001ed   Thumb Code    32  llshl.o(.text)
    _ll_shift_l                              0x000001ed   Thumb Code     0  llshl.o(.text)
    __aeabi_llsr                             0x0000020d   Thumb Code    34  llushr.o(.text)
    _ll_ushift_r                             0x0000020d   Thumb Code     0  llushr.o(.text)
    CLK_DisableModuleClock                   0x00000231   Thumb Code    24  clk.o(i.CLK_DisableModuleClock)
    CLK_EnableModuleClock                    0x0000024d   Thumb Code    24  clk.o(i.CLK_EnableModuleClock)
    CLK_EnablePLL                            0x00000269   Thumb Code   348  clk.o(i.CLK_EnablePLL)
    CLK_EnableXtalRC                         0x00000401   Thumb Code    10  clk.o(i.CLK_EnableXtalRC)
    CLK_SetCoreClock                         0x00000469   Thumb Code   114  clk.o(i.CLK_SetCoreClock)
    CLK_SetHCLK                              0x000004e9   Thumb Code    72  clk.o(i.CLK_SetHCLK)
    CLK_SetModuleClock                       0x00000535   Thumb Code   126  clk.o(i.CLK_SetModuleClock)
    CLK_WaitClockReady                       0x000005c5   Thumb Code    34  clk.o(i.CLK_WaitClockReady)
    GetChar                                  0x000005f1   Thumb Code    14  retarget.o(i.GetChar)
    Hard_Fault_Handler                       0x00000605   Thumb Code    16  retarget.o(i.Hard_Fault_Handler)
    I2C0_Close                               0x0000062d   Thumb Code    32  main.o(i.I2C0_Close)
    I2C0_IRQHandler                          0x00000659   Thumb Code    36  main.o(i.I2C0_IRQHandler)
    I2C0_Init                                0x00000685   Thumb Code    90  main.o(i.I2C0_Init)
    I2C0_Read_Write_SLAVE                    0x00000701   Thumb Code   114  main.o(i.I2C0_Read_Write_SLAVE)
    I2C_ClearTimeoutFlag                     0x000007d1   Thumb Code    10  i2c.o(i.I2C_ClearTimeoutFlag)
    I2C_Close                                0x000007dd   Thumb Code    46  i2c.o(i.I2C_Close)
    I2C_DisableInt                           0x00000815   Thumb Code    10  i2c.o(i.I2C_DisableInt)
    I2C_EnableInt                            0x0000081f   Thumb Code    10  i2c.o(i.I2C_EnableInt)
    I2C_GetBusClockFreq                      0x00000829   Thumb Code    18  i2c.o(i.I2C_GetBusClockFreq)
    I2C_MasterRx                             0x00000841   Thumb Code   124  main.o(i.I2C_MasterRx)
    I2C_MasterTx                             0x000008e5   Thumb Code    92  main.o(i.I2C_MasterTx)
    I2C_Open                                 0x00000969   Thumb Code    50  i2c.o(i.I2C_Open)
    I2C_SetSlaveAddr                         0x000009a1   Thumb Code    32  i2c.o(i.I2C_SetSlaveAddr)
    SYS_Init                                 0x000009c1   Thumb Code   134  main.o(i.SYS_Init)
    SYS_ResetModule                          0x00000a59   Thumb Code    26  sys.o(i.SYS_ResetModule)
    SendChar_ToUART                          0x00000a75   Thumb Code    26  retarget.o(i.SendChar_ToUART)
    SystemCoreClockUpdate                    0x00000a95   Thumb Code   126  system_nuc123.o(i.SystemCoreClockUpdate)
    SystemInit                               0x00000b2d   Thumb Code     2  system_nuc123.o(i.SystemInit)
    UART0_Init                               0x00000b31   Thumb Code    20  main.o(i.UART0_Init)
    UART_Open                                0x00000b4d   Thumb Code   120  uart.o(i.UART_Open)
    __0printf$5                              0x00000bd5   Thumb Code    24  printf5.o(i.__0printf$5)
    __1printf$5                              0x00000bd5   Thumb Code     0  printf5.o(i.__0printf$5)
    __2printf                                0x00000bd5   Thumb Code     0  printf5.o(i.__0printf$5)
    __scatterload_copy                       0x00000bf5   Thumb Code    14  handlers.o(i.__scatterload_copy)
    __scatterload_null                       0x00000c03   Thumb Code     2  handlers.o(i.__scatterload_null)
    __scatterload_zeroinit                   0x00000c05   Thumb Code    14  handlers.o(i.__scatterload_zeroinit)
    fgetc                                    0x00000ef1   Thumb Code     8  retarget.o(i.fgetc)
    fputc                                    0x00000ef9   Thumb Code    12  retarget.o(i.fputc)
    getc                                     0x00000f05   Thumb Code     8  getc.o(i.getc)
    main                                     0x00000f0d   Thumb Code   216  main.o(i.main)
    Region$$Table$$Base                      0x00001300   Number         0  anon$$obj.o(Region$$Table)
    Region$$Table$$Limit                     0x00001320   Number         0  anon$$obj.o(Region$$Table)
    SystemCoreClock                          0x20000000   Data           4  system_nuc123.o(.data)
    CyclesPerUs                              0x20000004   Data           4  system_nuc123.o(.data)
    PllClock                                 0x20000008   Data           4  system_nuc123.o(.data)
    gau32ClkSrcTbl                           0x2000000c   Data          32  system_nuc123.o(.data)
    g_u8MstEndFlag                           0x2000002c   Data           1  main.o(.data)
    g_u8DeviceAddr                           0x2000002d   Data           1  main.o(.data)
    g_u8MstRxData                            0x2000002e   Data           1  main.o(.data)
    g_u8MstDataLen                           0x2000002f   Data           1  main.o(.data)
    g_au8MstTxData                           0x20000030   Data           3  main.o(.data)
    __stdout                                 0x20000038   Data           4  retarget.o(.data)
    __stdin                                  0x2000003c   Data           4  retarget.o(.data)
    __initial_sp                             0x20000440   Data           0  startup_nuc123.o(STACK)



==============================================================================

Memory Map of the image

  Image Entry point : 0x000000f1

  Load Region LR_1 (Base: 0x00000000, Size: 0x00001360, Max: 0xffffffff, ABSOLUTE)

    Execution Region ER_RO (Exec base: 0x00000000, Load base: 0x00000000, Size: 0x00001320, Max: 0xffffffff, ABSOLUTE)

    Exec Addr    Load Addr    Size         Type   Attr      Idx    E Section Name        Object

    0x00000000   0x00000000   0x000000c0   Data   RO            3    RESET               startup_nuc123.o
    0x000000c0   0x000000c0   0x00000000   Code   RO          814  * .ARM.Collect$$$$00000000  mc_p.l(entry.o)
    0x000000c0   0x000000c0   0x00000004   Code   RO         1080    .ARM.Collect$$$$00000001  mc_p.l(entry2.o)
    0x000000c4   0x000000c4   0x00000004   Code   RO         1083    .ARM.Collect$$$$00000004  mc_p.l(entry5.o)
    0x000000c8   0x000000c8   0x00000000   Code   RO         1085    .ARM.Collect$$$$00000008  mc_p.l(entry7b.o)
    0x000000c8   0x000000c8   0x00000000   Code   RO         1087    .ARM.Collect$$$$0000000A  mc_p.l(entry8b.o)
    0x000000c8   0x000000c8   0x00000008   Code   RO         1088    .ARM.Collect$$$$0000000B  mc_p.l(entry9a.o)
    0x000000d0   0x000000d0   0x00000000   Code   RO         1090    .ARM.Collect$$$$0000000D  mc_p.l(entry10a.o)
    0x000000d0   0x000000d0   0x00000000   Code   RO         1092    .ARM.Collect$$$$0000000F  mc_p.l(entry11a.o)
    0x000000d0   0x000000d0   0x00000004   Code   RO         1081    .ARM.Collect$$$$00002712  mc_p.l(entry2.o)
    0x000000d4   0x000000d4   0x0000001c   Code   RO          214    .emb_text           retarget.o
    0x000000f0   0x000000f0   0x0000004c   Code   RO            4  * .text               startup_nuc123.o
    0x0000013c   0x0000013c   0x0000002c   Code   RO          817    .text               mc_p.l(uidiv.o)
    0x00000168   0x00000168   0x00000060   Code   RO         1094    .text               mc_p.l(uldiv.o)
    0x000001c8   0x000001c8   0x00000024   Code   RO         1107    .text               mc_p.l(init.o)
    0x000001ec   0x000001ec   0x00000020   Code   RO         1109    .text               mc_p.l(llshl.o)
    0x0000020c   0x0000020c   0x00000022   Code   RO         1111    .text               mc_p.l(llushr.o)
    0x0000022e   0x0000022e   0x00000002   PAD
    0x00000230   0x00000230   0x0000001c   Code   RO          307    i.CLK_DisableModuleClock  clk.o
    0x0000024c   0x0000024c   0x0000001c   Code   RO          312    i.CLK_EnableModuleClock  clk.o
    0x00000268   0x00000268   0x00000198   Code   RO          313    i.CLK_EnablePLL     clk.o
    0x00000400   0x00000400   0x00000010   Code   RO          315    i.CLK_EnableXtalRC  clk.o
    0x00000410   0x00000410   0x00000058   Code   RO          715    i.CLK_GetPLLClockFreq  uart.o
    0x00000468   0x00000468   0x00000080   Code   RO          322    i.CLK_SetCoreClock  clk.o
    0x000004e8   0x000004e8   0x0000004c   Code   RO          323    i.CLK_SetHCLK       clk.o
    0x00000534   0x00000534   0x00000090   Code   RO          324    i.CLK_SetModuleClock  clk.o
    0x000005c4   0x000005c4   0x0000002c   Code   RO          326    i.CLK_WaitClockReady  clk.o
    0x000005f0   0x000005f0   0x00000014   Code   RO          215    i.GetChar           retarget.o
    0x00000604   0x00000604   0x00000028   Code   RO          216    i.Hard_Fault_Handler  retarget.o
    0x0000062c   0x0000062c   0x0000002c   Code   RO          115    i.I2C0_Close        main.o
    0x00000658   0x00000658   0x0000002c   Code   RO          116    i.I2C0_IRQHandler   main.o
    0x00000684   0x00000684   0x0000007c   Code   RO          117    i.I2C0_Init         main.o
    0x00000700   0x00000700   0x000000d0   Code   RO          118    i.I2C0_Read_Write_SLAVE  main.o
    0x000007d0   0x000007d0   0x0000000a   Code   RO          445    i.I2C_ClearTimeoutFlag  i2c.o
    0x000007da   0x000007da   0x00000002   PAD
    0x000007dc   0x000007dc   0x00000038   Code   RO          446    i.I2C_Close         i2c.o
    0x00000814   0x00000814   0x0000000a   Code   RO          447    i.I2C_DisableInt    i2c.o
    0x0000081e   0x0000081e   0x0000000a   Code   RO          450    i.I2C_EnableInt     i2c.o
    0x00000828   0x00000828   0x00000018   Code   RO          453    i.I2C_GetBusClockFreq  i2c.o
    0x00000840   0x00000840   0x000000a4   Code   RO          119    i.I2C_MasterRx      main.o
    0x000008e4   0x000008e4   0x00000084   Code   RO          120    i.I2C_MasterTx      main.o
    0x00000968   0x00000968   0x00000038   Code   RO          457    i.I2C_Open          i2c.o
    0x000009a0   0x000009a0   0x00000020   Code   RO          466    i.I2C_SetSlaveAddr  i2c.o
    0x000009c0   0x000009c0   0x00000098   Code   RO          121    i.SYS_Init          main.o
    0x00000a58   0x00000a58   0x0000001a   Code   RO          650    i.SYS_ResetModule   sys.o
    0x00000a72   0x00000a72   0x00000002   PAD
    0x00000a74   0x00000a74   0x00000020   Code   RO          219    i.SendChar_ToUART   retarget.o
    0x00000a94   0x00000a94   0x00000098   Code   RO           12    i.SystemCoreClockUpdate  system_nuc123.o
    0x00000b2c   0x00000b2c   0x00000002   Code   RO           13    i.SystemInit        system_nuc123.o
    0x00000b2e   0x00000b2e   0x00000002   PAD
    0x00000b30   0x00000b30   0x0000001c   Code   RO          122    i.UART0_Init        main.o
    0x00000b4c   0x00000b4c   0x00000088   Code   RO          722    i.UART_Open         uart.o
    0x00000bd4   0x00000bd4   0x00000020   Code   RO          952    i.__0printf$5       mc_p.l(printf5.o)
    0x00000bf4   0x00000bf4   0x0000000e   Code   RO         1121    i.__scatterload_copy  mc_p.l(handlers.o)
    0x00000c02   0x00000c02   0x00000002   Code   RO         1122    i.__scatterload_null  mc_p.l(handlers.o)
    0x00000c04   0x00000c04   0x0000000e   Code   RO         1123    i.__scatterload_zeroinit  mc_p.l(handlers.o)
    0x00000c12   0x00000c12   0x00000002   PAD
    0x00000c14   0x00000c14   0x000002dc   Code   RO          959    i._printf_core      mc_p.l(printf5.o)
    0x00000ef0   0x00000ef0   0x00000008   Code   RO          222    i.fgetc             retarget.o
    0x00000ef8   0x00000ef8   0x0000000c   Code   RO          223    i.fputc             retarget.o
    0x00000f04   0x00000f04   0x00000008   Code   RO          815    i.getc              mc_p.l(getc.o)
    0x00000f0c   0x00000f0c   0x00000310   Code   RO          123    i.main              main.o
    0x0000121c   0x0000121c   0x000000a8   Code   RO          225    i.stackDump         retarget.o
    0x000012c4   0x000012c4   0x0000000c   Data   RO          327    .constdata          clk.o
    0x000012d0   0x000012d0   0x00000030   Data   RO          729    .constdata          uart.o
    0x00001300   0x00001300   0x00000020   Data   RO         1119    Region$$Table       anon$$obj.o


    Execution Region ER_RW (Exec base: 0x20000000, Load base: 0x00001320, Size: 0x00000040, Max: 0xffffffff, ABSOLUTE)

    Exec Addr    Load Addr    Size         Type   Attr      Idx    E Section Name        Object

    0x20000000   0x00001320   0x0000002c   Data   RW           14    .data               system_nuc123.o
    0x2000002c   0x0000134c   0x0000000c   Data   RW          124    .data               main.o
    0x20000038   0x00001358   0x00000004   Data   RW          226    .data               retarget.o
    0x2000003c   0x0000135c   0x00000004   Data   RW          227    .data               retarget.o


    Execution Region ER_ZI (Exec base: 0x20000040, Load base: 0x00001360, Size: 0x00000400, Max: 0xffffffff, ABSOLUTE)

    Exec Addr    Load Addr    Size         Type   Attr      Idx    E Section Name        Object

    0x20000040        -       0x00000400   Zero   RW            1    STACK               startup_nuc123.o


==============================================================================

Image component sizes


      Code (inc. data)   RO Data    RW Data    ZI Data      Debug   Object Name

       872        120         12          0          0       6719   clk.o
       198         22          0          0          0       4440   i2c.o
      1680        822          0         12          0     121558   main.o
       308        138          0          8          0       5838   retarget.o
        76         32        192          0       1024        764   startup_nuc123.o
        26          0          0          0          0        530   sys.o
       154         26          0         44          0      20263   system_nuc123.o
       224         34         48          0          0       2116   uart.o

    ----------------------------------------------------------------------
      3544       1194        284         64       1024     162228   Object Totals
         0          0         32          0          0          0   (incl. Generated)
         6          0          0          0          0          0   (incl. Padding)

    ----------------------------------------------------------------------

      Code (inc. data)   RO Data    RW Data    ZI Data      Debug   Library Member Name

         0          0          0          0          0          0   entry.o
         0          0          0          0          0          0   entry10a.o
         0          0          0          0          0          0   entry11a.o
         8          4          0          0          0          0   entry2.o
         4          0          0          0          0          0   entry5.o
         0          0          0          0          0          0   entry7b.o
         0          0          0          0          0          0   entry8b.o
         8          4          0          0          0          0   entry9a.o
         8          0          0          0          0         68   getc.o
        30          0          0          0          0          0   handlers.o
        36          8          0          0          0         68   init.o
        32          0          0          0          0         68   llshl.o
        34          0          0          0          0         68   llushr.o
       764         52          0          0          0        168   printf5.o
        44          0          0          0          0         72   uidiv.o
        96          0          0          0          0         84   uldiv.o

    ----------------------------------------------------------------------
      1068         68          0          0          0        596   Library Totals
         4          0          0          0          0          0   (incl. Padding)

    ----------------------------------------------------------------------

      Code (inc. data)   RO Data    RW Data    ZI Data      Debug   Library Name

      1064         68          0          0          0        596   mc_p.l

    ----------------------------------------------------------------------
      1068         68          0          0          0        596   Library Totals

    ----------------------------------------------------------------------

==============================================================================


      Code (inc. data)   RO Data    RW Data    ZI Data      Debug   

      4612       1262        284         64       1024     161340   Grand Totals
      4612       1262        284         64       1024     161340   ELF Image Totals
      4612       1262        284         64          0          0   ROM Totals

==============================================================================

    Total RO  Size (Code + RO Data)                 4896 (   4.78kB)
    Total RW  Size (RW Data + ZI Data)              1088 (   1.06kB)
    Total ROM Size (Code + RO Data + RW Data)       4960 (   4.84kB)

==============================================================================

