Component: ARM Compiler 5.06 update 6 (build 750) Tool: armlink [4d35ed]

==============================================================================

Small function inlining results

Inlined total of 0 calls.

==============================================================================

Section Cross References

    system_nuc123.o(i.SystemCoreClockUpdate) refers to uidiv.o(.text) for __aeabi_uidivmod
    system_nuc123.o(i.SystemCoreClockUpdate) refers to system_nuc123.o(.data) for .data
    startup_nuc123.o(RESET) refers to startup_nuc123.o(STACK) for __initial_sp
    startup_nuc123.o(RESET) refers to startup_nuc123.o(.text) for Reset_Handler
    startup_nuc123.o(RESET) refers to retarget.o(.emb_text) for HardFault_Handler
    startup_nuc123.o(RESET) refers to main.o(i.PWMA_IRQHandler) for PWMA_IRQHandler
    startup_nuc123.o(.text) refers to system_nuc123.o(i.SystemInit) for SystemInit
    startup_nuc123.o(.text) refers to entry.o(.ARM.Collect$$$$00000000) for __main
    main.o(i.CalPeriodTime) refers to pwm.o(i.PWM_ClearCaptureIntFlag) for PWM_ClearCaptureIntFlag
    main.o(i.CalPeriodTime) refers to pwm.o(i.PWM_GetCaptureIntFlag) for PWM_GetCaptureIntFlag
    main.o(i.CalPeriodTime) refers to uidiv.o(.text) for __aeabi_uidivmod
    main.o(i.CalPeriodTime) refers to dfltui.o(.text) for __aeabi_ui2d
    main.o(i.CalPeriodTime) refers to ddiv.o(.text) for __aeabi_ddiv
    main.o(i.CalPeriodTime) refers to dfixui.o(.text) for __aeabi_d2uiz
    main.o(i.CalPeriodTime) refers to printf5.o(i.__0printf$5) for __2printf
    main.o(i.CalPeriodTime) refers to main.o(.conststring) for .conststring
    main.o(i.SYS_Init) refers to clk.o(i.CLK_EnableXtalRC) for CLK_EnableXtalRC
    main.o(i.SYS_Init) refers to clk.o(i.CLK_WaitClockReady) for CLK_WaitClockReady
    main.o(i.SYS_Init) refers to clk.o(i.CLK_SetHCLK) for CLK_SetHCLK
    main.o(i.SYS_Init) refers to clk.o(i.CLK_SetCoreClock) for CLK_SetCoreClock
    main.o(i.SYS_Init) refers to clk.o(i.CLK_EnableModuleClock) for CLK_EnableModuleClock
    main.o(i.SYS_Init) refers to clk.o(i.CLK_SetModuleClock) for CLK_SetModuleClock
    main.o(i.SYS_Init) refers to sys.o(i.SYS_ResetModule) for SYS_ResetModule
    main.o(i.SYS_Init) refers to system_nuc123.o(.data) for PllClock
    main.o(i.UART0_Init) refers to sys.o(i.SYS_ResetModule) for SYS_ResetModule
    main.o(i.UART0_Init) refers to uart.o(i.UART_Open) for UART_Open
    main.o(i.main) refers to main.o(i.SYS_Init) for SYS_Init
    main.o(i.main) refers to main.o(i.UART0_Init) for UART0_Init
    main.o(i.main) refers to printf5.o(i.__0printf$5) for __2printf
    main.o(i.main) refers to main.o(i.Delay) for Delay
    main.o(i.main) refers to pwm.o(i.PWM_ConfigOutputChannel) for PWM_ConfigOutputChannel
    main.o(i.main) refers to pwm.o(i.PWM_EnableOutput) for PWM_EnableOutput
    main.o(i.main) refers to pwm.o(i.PWM_Start) for PWM_Start
    main.o(i.main) refers to pwm.o(i.PWM_ConfigCaptureChannel) for PWM_ConfigCaptureChannel
    main.o(i.main) refers to pwm.o(i.PWM_EnableCaptureInt) for PWM_EnableCaptureInt
    main.o(i.main) refers to pwm.o(i.PWM_EnableCapture) for PWM_EnableCapture
    main.o(i.main) refers to main.o(i.CalPeriodTime) for CalPeriodTime
    main.o(i.main) refers to pwm.o(i.PWM_Stop) for PWM_Stop
    main.o(i.main) refers to pwm.o(i.PWM_ForceStop) for PWM_ForceStop
    main.o(i.main) refers to pwm.o(i.PWM_DisableOutput) for PWM_DisableOutput
    main.o(i.main) refers to pwm.o(i.PWM_DisableCapture) for PWM_DisableCapture
    main.o(i.main) refers to pwm.o(i.PWM_ClearCaptureIntFlag) for PWM_ClearCaptureIntFlag
    main.o(i.main) refers to main.o(.conststring) for .conststring
    retarget.o(.emb_text) refers to retarget.o(i.Hard_Fault_Handler) for Hard_Fault_Handler
    retarget.o(i.Hard_Fault_Handler) refers to printf5.o(i.__0printf$5) for __2printf
    retarget.o(i.Hard_Fault_Handler) refers to retarget.o(i.stackDump) for stackDump
    retarget.o(i.SendChar) refers to retarget.o(i.SendChar_ToUART) for SendChar_ToUART
    retarget.o(i._ttywrch) refers to retarget.o(i.SendChar_ToUART) for SendChar_ToUART
    retarget.o(i.fgetc) refers to retarget.o(i.GetChar) for GetChar
    retarget.o(i.fputc) refers to retarget.o(i.SendChar_ToUART) for SendChar_ToUART
    retarget.o(i.stackDump) refers to printf5.o(i.__0printf$5) for __2printf
    clk.o(i.CLK_DisableCKO) refers to clk.o(i.CLK_DisableModuleClock) for CLK_DisableModuleClock
    clk.o(i.CLK_EnableCKO) refers to clk.o(i.CLK_EnableModuleClock) for CLK_EnableModuleClock
    clk.o(i.CLK_EnableCKO) refers to clk.o(i.CLK_SetModuleClock) for CLK_SetModuleClock
    clk.o(i.CLK_EnablePLL) refers to clk.o(i.CLK_WaitClockReady) for CLK_WaitClockReady
    clk.o(i.CLK_EnablePLL) refers to uidiv.o(.text) for __aeabi_uidivmod
    clk.o(i.CLK_GetCPUFreq) refers to system_nuc123.o(i.SystemCoreClockUpdate) for SystemCoreClockUpdate
    clk.o(i.CLK_GetCPUFreq) refers to system_nuc123.o(.data) for SystemCoreClock
    clk.o(i.CLK_GetHCLKFreq) refers to system_nuc123.o(i.SystemCoreClockUpdate) for SystemCoreClockUpdate
    clk.o(i.CLK_GetHCLKFreq) refers to system_nuc123.o(.data) for SystemCoreClock
    clk.o(i.CLK_GetPCLKFreq) refers to system_nuc123.o(i.SystemCoreClockUpdate) for SystemCoreClockUpdate
    clk.o(i.CLK_GetPCLKFreq) refers to system_nuc123.o(.data) for SystemCoreClock
    clk.o(i.CLK_SetCoreClock) refers to clk.o(i.CLK_WaitClockReady) for CLK_WaitClockReady
    clk.o(i.CLK_SetCoreClock) refers to clk.o(i.CLK_EnablePLL) for CLK_EnablePLL
    clk.o(i.CLK_SetCoreClock) refers to clk.o(i.CLK_SetHCLK) for CLK_SetHCLK
    clk.o(i.CLK_SetHCLK) refers to clk.o(i.CLK_WaitClockReady) for CLK_WaitClockReady
    clk.o(i.CLK_SetHCLK) refers to system_nuc123.o(i.SystemCoreClockUpdate) for SystemCoreClockUpdate
    clk.o(i.CLK_SetModuleClock) refers to clk.o(.constdata) for .constdata
    pwm.o(i.PWM_ConfigCaptureChannel) refers to memcpya.o(.text) for __aeabi_memcpy4
    pwm.o(i.PWM_ConfigCaptureChannel) refers to uidiv.o(.text) for __aeabi_uidivmod
    pwm.o(i.PWM_ConfigCaptureChannel) refers to system_nuc123.o(i.SystemCoreClockUpdate) for SystemCoreClockUpdate
    pwm.o(i.PWM_ConfigCaptureChannel) refers to pwm.o(.constdata) for .constdata
    pwm.o(i.PWM_ConfigCaptureChannel) refers to system_nuc123.o(.data) for SystemCoreClock
    pwm.o(i.PWM_ConfigOutputChannel) refers to memcpya.o(.text) for __aeabi_memcpy4
    pwm.o(i.PWM_ConfigOutputChannel) refers to uidiv.o(.text) for __aeabi_uidivmod
    pwm.o(i.PWM_ConfigOutputChannel) refers to system_nuc123.o(i.SystemCoreClockUpdate) for SystemCoreClockUpdate
    pwm.o(i.PWM_ConfigOutputChannel) refers to pwm.o(.constdata) for .constdata
    pwm.o(i.PWM_ConfigOutputChannel) refers to system_nuc123.o(.data) for SystemCoreClock
    uart.o(i.CLK_GetPLLClockFreq) refers to uidiv.o(.text) for __aeabi_uidivmod
    uart.o(i.UART_Open) refers to uart.o(i.CLK_GetPLLClockFreq) for CLK_GetPLLClockFreq
    uart.o(i.UART_Open) refers to uidiv.o(.text) for __aeabi_uidivmod
    uart.o(i.UART_Open) refers to uart.o(.constdata) for .constdata
    uart.o(i.UART_SelectIrDAMode) refers to uart.o(i.CLK_GetPLLClockFreq) for CLK_GetPLLClockFreq
    uart.o(i.UART_SelectIrDAMode) refers to uidiv.o(.text) for __aeabi_uidivmod
    uart.o(i.UART_SelectIrDAMode) refers to uart.o(.constdata) for .constdata
    uart.o(i.UART_SetLine_Config) refers to uart.o(i.CLK_GetPLLClockFreq) for CLK_GetPLLClockFreq
    uart.o(i.UART_SetLine_Config) refers to uidiv.o(.text) for __aeabi_uidivmod
    uart.o(i.UART_SetLine_Config) refers to uart.o(.constdata) for .constdata
    entry.o(.ARM.Collect$$$$00000000) refers (Special) to entry10a.o(.ARM.Collect$$$$0000000D) for __rt_final_cpp
    entry.o(.ARM.Collect$$$$00000000) refers (Special) to entry11a.o(.ARM.Collect$$$$0000000F) for __rt_final_exit
    entry.o(.ARM.Collect$$$$00000000) refers (Special) to entry7b.o(.ARM.Collect$$$$00000008) for _main_clock
    entry.o(.ARM.Collect$$$$00000000) refers (Special) to entry8b.o(.ARM.Collect$$$$0000000A) for _main_cpp_init
    entry.o(.ARM.Collect$$$$00000000) refers (Special) to entry9a.o(.ARM.Collect$$$$0000000B) for _main_init
    entry.o(.ARM.Collect$$$$00000000) refers (Special) to entry5.o(.ARM.Collect$$$$00000004) for _main_scatterload
    entry.o(.ARM.Collect$$$$00000000) refers (Special) to entry2.o(.ARM.Collect$$$$00000001) for _main_stk
    printfb.o(i.__0fprintf$bare) refers to printfb.o(i._printf_core) for _printf_core
    printfb.o(i.__0fprintf$bare) refers to retarget.o(i.fputc) for fputc
    printfb.o(i.__0printf$bare) refers to printfb.o(i._printf_core) for _printf_core
    printfb.o(i.__0printf$bare) refers to retarget.o(i.fputc) for fputc
    printfb.o(i.__0printf$bare) refers to retarget.o(.data) for __stdout
    printfb.o(i.__0snprintf$bare) refers to printfb.o(i._printf_core) for _printf_core
    printfb.o(i.__0snprintf$bare) refers to printfb.o(i._snputc) for _snputc
    printfb.o(i.__0sprintf$bare) refers to printfb.o(i._printf_core) for _printf_core
    printfb.o(i.__0sprintf$bare) refers to printfb.o(i._sputc) for _sputc
    printfb.o(i.__0vfprintf$bare) refers to printfb.o(i._printf_core) for _printf_core
    printfb.o(i.__0vfprintf$bare) refers to retarget.o(i.fputc) for fputc
    printfb.o(i.__0vprintf$bare) refers to printfb.o(i._printf_core) for _printf_core
    printfb.o(i.__0vprintf$bare) refers to retarget.o(i.fputc) for fputc
    printfb.o(i.__0vprintf$bare) refers to retarget.o(.data) for __stdout
    printfb.o(i.__0vsnprintf$bare) refers to printfb.o(i._printf_core) for _printf_core
    printfb.o(i.__0vsnprintf$bare) refers to printfb.o(i._snputc) for _snputc
    printfb.o(i.__0vsprintf$bare) refers to printfb.o(i._printf_core) for _printf_core
    printfb.o(i.__0vsprintf$bare) refers to printfb.o(i._sputc) for _sputc
    printf0.o(i.__0fprintf$0) refers to printf0.o(i._printf_core) for _printf_core
    printf0.o(i.__0fprintf$0) refers to retarget.o(i.fputc) for fputc
    printf0.o(i.__0printf$0) refers to printf0.o(i._printf_core) for _printf_core
    printf0.o(i.__0printf$0) refers to retarget.o(i.fputc) for fputc
    printf0.o(i.__0printf$0) refers to retarget.o(.data) for __stdout
    printf0.o(i.__0snprintf$0) refers to printf0.o(i._printf_core) for _printf_core
    printf0.o(i.__0snprintf$0) refers to printf0.o(i._snputc) for _snputc
    printf0.o(i.__0sprintf$0) refers to printf0.o(i._printf_core) for _printf_core
    printf0.o(i.__0sprintf$0) refers to printf0.o(i._sputc) for _sputc
    printf0.o(i.__0vfprintf$0) refers to printf0.o(i._printf_core) for _printf_core
    printf0.o(i.__0vfprintf$0) refers to retarget.o(i.fputc) for fputc
    printf0.o(i.__0vprintf$0) refers to printf0.o(i._printf_core) for _printf_core
    printf0.o(i.__0vprintf$0) refers to retarget.o(i.fputc) for fputc
    printf0.o(i.__0vprintf$0) refers to retarget.o(.data) for __stdout
    printf0.o(i.__0vsnprintf$0) refers to printf0.o(i._printf_core) for _printf_core
    printf0.o(i.__0vsnprintf$0) refers to printf0.o(i._snputc) for _snputc
    printf0.o(i.__0vsprintf$0) refers to printf0.o(i._printf_core) for _printf_core
    printf0.o(i.__0vsprintf$0) refers to printf0.o(i._sputc) for _sputc
    printf1.o(i.__0fprintf$1) refers to printf1.o(i._printf_core) for _printf_core
    printf1.o(i.__0fprintf$1) refers to retarget.o(i.fputc) for fputc
    printf1.o(i.__0printf$1) refers to printf1.o(i._printf_core) for _printf_core
    printf1.o(i.__0printf$1) refers to retarget.o(i.fputc) for fputc
    printf1.o(i.__0printf$1) refers to retarget.o(.data) for __stdout
    printf1.o(i.__0snprintf$1) refers to printf1.o(i._printf_core) for _printf_core
    printf1.o(i.__0snprintf$1) refers to printf1.o(i._snputc) for _snputc
    printf1.o(i.__0sprintf$1) refers to printf1.o(i._printf_core) for _printf_core
    printf1.o(i.__0sprintf$1) refers to printf1.o(i._sputc) for _sputc
    printf1.o(i.__0vfprintf$1) refers to printf1.o(i._printf_core) for _printf_core
    printf1.o(i.__0vfprintf$1) refers to retarget.o(i.fputc) for fputc
    printf1.o(i.__0vprintf$1) refers to printf1.o(i._printf_core) for _printf_core
    printf1.o(i.__0vprintf$1) refers to retarget.o(i.fputc) for fputc
    printf1.o(i.__0vprintf$1) refers to retarget.o(.data) for __stdout
    printf1.o(i.__0vsnprintf$1) refers to printf1.o(i._printf_core) for _printf_core
    printf1.o(i.__0vsnprintf$1) refers to printf1.o(i._snputc) for _snputc
    printf1.o(i.__0vsprintf$1) refers to printf1.o(i._printf_core) for _printf_core
    printf1.o(i.__0vsprintf$1) refers to printf1.o(i._sputc) for _sputc
    printf1.o(i._printf_core) refers to uidiv.o(.text) for __aeabi_uidivmod
    printf2.o(i.__0fprintf$2) refers to printf2.o(i._printf_core) for _printf_core
    printf2.o(i.__0fprintf$2) refers to retarget.o(i.fputc) for fputc
    printf2.o(i.__0printf$2) refers to printf2.o(i._printf_core) for _printf_core
    printf2.o(i.__0printf$2) refers to retarget.o(i.fputc) for fputc
    printf2.o(i.__0printf$2) refers to retarget.o(.data) for __stdout
    printf2.o(i.__0snprintf$2) refers to printf2.o(i._printf_core) for _printf_core
    printf2.o(i.__0snprintf$2) refers to printf2.o(i._snputc) for _snputc
    printf2.o(i.__0sprintf$2) refers to printf2.o(i._printf_core) for _printf_core
    printf2.o(i.__0sprintf$2) refers to printf2.o(i._sputc) for _sputc
    printf2.o(i.__0vfprintf$2) refers to printf2.o(i._printf_core) for _printf_core
    printf2.o(i.__0vfprintf$2) refers to retarget.o(i.fputc) for fputc
    printf2.o(i.__0vprintf$2) refers to printf2.o(i._printf_core) for _printf_core
    printf2.o(i.__0vprintf$2) refers to retarget.o(i.fputc) for fputc
    printf2.o(i.__0vprintf$2) refers to retarget.o(.data) for __stdout
    printf2.o(i.__0vsnprintf$2) refers to printf2.o(i._printf_core) for _printf_core
    printf2.o(i.__0vsnprintf$2) refers to printf2.o(i._snputc) for _snputc
    printf2.o(i.__0vsprintf$2) refers to printf2.o(i._printf_core) for _printf_core
    printf2.o(i.__0vsprintf$2) refers to printf2.o(i._sputc) for _sputc
    printf3.o(i.__0fprintf$3) refers to printf3.o(i._printf_core) for _printf_core
    printf3.o(i.__0fprintf$3) refers to retarget.o(i.fputc) for fputc
    printf3.o(i.__0printf$3) refers to printf3.o(i._printf_core) for _printf_core
    printf3.o(i.__0printf$3) refers to retarget.o(i.fputc) for fputc
    printf3.o(i.__0printf$3) refers to retarget.o(.data) for __stdout
    printf3.o(i.__0snprintf$3) refers to printf3.o(i._printf_core) for _printf_core
    printf3.o(i.__0snprintf$3) refers to printf3.o(i._snputc) for _snputc
    printf3.o(i.__0sprintf$3) refers to printf3.o(i._printf_core) for _printf_core
    printf3.o(i.__0sprintf$3) refers to printf3.o(i._sputc) for _sputc
    printf3.o(i.__0vfprintf$3) refers to printf3.o(i._printf_core) for _printf_core
    printf3.o(i.__0vfprintf$3) refers to retarget.o(i.fputc) for fputc
    printf3.o(i.__0vprintf$3) refers to printf3.o(i._printf_core) for _printf_core
    printf3.o(i.__0vprintf$3) refers to retarget.o(i.fputc) for fputc
    printf3.o(i.__0vprintf$3) refers to retarget.o(.data) for __stdout
    printf3.o(i.__0vsnprintf$3) refers to printf3.o(i._printf_core) for _printf_core
    printf3.o(i.__0vsnprintf$3) refers to printf3.o(i._snputc) for _snputc
    printf3.o(i.__0vsprintf$3) refers to printf3.o(i._printf_core) for _printf_core
    printf3.o(i.__0vsprintf$3) refers to printf3.o(i._sputc) for _sputc
    printf3.o(i._printf_core) refers to uidiv.o(.text) for __aeabi_uidivmod
    printf4.o(i.__0fprintf$4) refers to printf4.o(i._printf_core) for _printf_core
    printf4.o(i.__0fprintf$4) refers to retarget.o(i.fputc) for fputc
    printf4.o(i.__0printf$4) refers to printf4.o(i._printf_core) for _printf_core
    printf4.o(i.__0printf$4) refers to retarget.o(i.fputc) for fputc
    printf4.o(i.__0printf$4) refers to retarget.o(.data) for __stdout
    printf4.o(i.__0snprintf$4) refers to printf4.o(i._printf_core) for _printf_core
    printf4.o(i.__0snprintf$4) refers to printf4.o(i._snputc) for _snputc
    printf4.o(i.__0sprintf$4) refers to printf4.o(i._printf_core) for _printf_core
    printf4.o(i.__0sprintf$4) refers to printf4.o(i._sputc) for _sputc
    printf4.o(i.__0vfprintf$4) refers to printf4.o(i._printf_core) for _printf_core
    printf4.o(i.__0vfprintf$4) refers to retarget.o(i.fputc) for fputc
    printf4.o(i.__0vprintf$4) refers to printf4.o(i._printf_core) for _printf_core
    printf4.o(i.__0vprintf$4) refers to retarget.o(i.fputc) for fputc
    printf4.o(i.__0vprintf$4) refers to retarget.o(.data) for __stdout
    printf4.o(i.__0vsnprintf$4) refers to printf4.o(i._printf_core) for _printf_core
    printf4.o(i.__0vsnprintf$4) refers to printf4.o(i._snputc) for _snputc
    printf4.o(i.__0vsprintf$4) refers to printf4.o(i._printf_core) for _printf_core
    printf4.o(i.__0vsprintf$4) refers to printf4.o(i._sputc) for _sputc
    printf4.o(i._printf_core) refers to uldiv.o(.text) for __aeabi_uldivmod
    printf5.o(i.__0fprintf$5) refers to printf5.o(i._printf_core) for _printf_core
    printf5.o(i.__0fprintf$5) refers to retarget.o(i.fputc) for fputc
    printf5.o(i.__0printf$5) refers to printf5.o(i._printf_core) for _printf_core
    printf5.o(i.__0printf$5) refers to retarget.o(i.fputc) for fputc
    printf5.o(i.__0printf$5) refers to retarget.o(.data) for __stdout
    printf5.o(i.__0snprintf$5) refers to printf5.o(i._printf_core) for _printf_core
    printf5.o(i.__0snprintf$5) refers to printf5.o(i._snputc) for _snputc
    printf5.o(i.__0sprintf$5) refers to printf5.o(i._printf_core) for _printf_core
    printf5.o(i.__0sprintf$5) refers to printf5.o(i._sputc) for _sputc
    printf5.o(i.__0vfprintf$5) refers to printf5.o(i._printf_core) for _printf_core
    printf5.o(i.__0vfprintf$5) refers to retarget.o(i.fputc) for fputc
    printf5.o(i.__0vprintf$5) refers to printf5.o(i._printf_core) for _printf_core
    printf5.o(i.__0vprintf$5) refers to retarget.o(i.fputc) for fputc
    printf5.o(i.__0vprintf$5) refers to retarget.o(.data) for __stdout
    printf5.o(i.__0vsnprintf$5) refers to printf5.o(i._printf_core) for _printf_core
    printf5.o(i.__0vsnprintf$5) refers to printf5.o(i._snputc) for _snputc
    printf5.o(i.__0vsprintf$5) refers to printf5.o(i._printf_core) for _printf_core
    printf5.o(i.__0vsprintf$5) refers to printf5.o(i._sputc) for _sputc
    printf5.o(i._printf_core) refers to uldiv.o(.text) for __aeabi_uldivmod
    printf6.o(i.__0fprintf$6) refers to printf6.o(i._printf_core) for _printf_core
    printf6.o(i.__0fprintf$6) refers to retarget.o(i.fputc) for fputc
    printf6.o(i.__0printf$6) refers to printf6.o(i._printf_core) for _printf_core
    printf6.o(i.__0printf$6) refers to retarget.o(i.fputc) for fputc
    printf6.o(i.__0printf$6) refers to retarget.o(.data) for __stdout
    printf6.o(i.__0snprintf$6) refers to printf6.o(i._printf_core) for _printf_core
    printf6.o(i.__0snprintf$6) refers to printf6.o(i._snputc) for _snputc
    printf6.o(i.__0sprintf$6) refers to printf6.o(i._printf_core) for _printf_core
    printf6.o(i.__0sprintf$6) refers to printf6.o(i._sputc) for _sputc
    printf6.o(i.__0vfprintf$6) refers to printf6.o(i._printf_core) for _printf_core
    printf6.o(i.__0vfprintf$6) refers to retarget.o(i.fputc) for fputc
    printf6.o(i.__0vprintf$6) refers to printf6.o(i._printf_core) for _printf_core
    printf6.o(i.__0vprintf$6) refers to retarget.o(i.fputc) for fputc
    printf6.o(i.__0vprintf$6) refers to retarget.o(.data) for __stdout
    printf6.o(i.__0vsnprintf$6) refers to printf6.o(i._printf_core) for _printf_core
    printf6.o(i.__0vsnprintf$6) refers to printf6.o(i._snputc) for _snputc
    printf6.o(i.__0vsprintf$6) refers to printf6.o(i._printf_core) for _printf_core
    printf6.o(i.__0vsprintf$6) refers to printf6.o(i._sputc) for _sputc
    printf6.o(i._printf_core) refers to printf6.o(i._printf_pre_padding) for _printf_pre_padding
    printf6.o(i._printf_core) refers to printf6.o(i._printf_post_padding) for _printf_post_padding
    printf6.o(i._printf_core) refers to uidiv.o(.text) for __aeabi_uidivmod
    printf7.o(i.__0fprintf$7) refers to printf7.o(i._printf_core) for _printf_core
    printf7.o(i.__0fprintf$7) refers to retarget.o(i.fputc) for fputc
    printf7.o(i.__0printf$7) refers to printf7.o(i._printf_core) for _printf_core
    printf7.o(i.__0printf$7) refers to retarget.o(i.fputc) for fputc
    printf7.o(i.__0printf$7) refers to retarget.o(.data) for __stdout
    printf7.o(i.__0snprintf$7) refers to printf7.o(i._printf_core) for _printf_core
    printf7.o(i.__0snprintf$7) refers to printf7.o(i._snputc) for _snputc
    printf7.o(i.__0sprintf$7) refers to printf7.o(i._printf_core) for _printf_core
    printf7.o(i.__0sprintf$7) refers to printf7.o(i._sputc) for _sputc
    printf7.o(i.__0vfprintf$7) refers to printf7.o(i._printf_core) for _printf_core
    printf7.o(i.__0vfprintf$7) refers to retarget.o(i.fputc) for fputc
    printf7.o(i.__0vprintf$7) refers to printf7.o(i._printf_core) for _printf_core
    printf7.o(i.__0vprintf$7) refers to retarget.o(i.fputc) for fputc
    printf7.o(i.__0vprintf$7) refers to retarget.o(.data) for __stdout
    printf7.o(i.__0vsnprintf$7) refers to printf7.o(i._printf_core) for _printf_core
    printf7.o(i.__0vsnprintf$7) refers to printf7.o(i._snputc) for _snputc
    printf7.o(i.__0vsprintf$7) refers to printf7.o(i._printf_core) for _printf_core
    printf7.o(i.__0vsprintf$7) refers to printf7.o(i._sputc) for _sputc
    printf7.o(i._printf_core) refers to printf7.o(i._printf_pre_padding) for _printf_pre_padding
    printf7.o(i._printf_core) refers to printf7.o(i._printf_post_padding) for _printf_post_padding
    printf7.o(i._printf_core) refers to uldiv.o(.text) for __aeabi_uldivmod
    printf8.o(i.__0fprintf$8) refers to printf8.o(i._printf_core) for _printf_core
    printf8.o(i.__0fprintf$8) refers to retarget.o(i.fputc) for fputc
    printf8.o(i.__0printf$8) refers to printf8.o(i._printf_core) for _printf_core
    printf8.o(i.__0printf$8) refers to retarget.o(i.fputc) for fputc
    printf8.o(i.__0printf$8) refers to retarget.o(.data) for __stdout
    printf8.o(i.__0snprintf$8) refers to printf8.o(i._printf_core) for _printf_core
    printf8.o(i.__0snprintf$8) refers to printf8.o(i._snputc) for _snputc
    printf8.o(i.__0sprintf$8) refers to printf8.o(i._printf_core) for _printf_core
    printf8.o(i.__0sprintf$8) refers to printf8.o(i._sputc) for _sputc
    printf8.o(i.__0vfprintf$8) refers to printf8.o(i._printf_core) for _printf_core
    printf8.o(i.__0vfprintf$8) refers to retarget.o(i.fputc) for fputc
    printf8.o(i.__0vprintf$8) refers to printf8.o(i._printf_core) for _printf_core
    printf8.o(i.__0vprintf$8) refers to retarget.o(i.fputc) for fputc
    printf8.o(i.__0vprintf$8) refers to retarget.o(.data) for __stdout
    printf8.o(i.__0vsnprintf$8) refers to printf8.o(i._printf_core) for _printf_core
    printf8.o(i.__0vsnprintf$8) refers to printf8.o(i._snputc) for _snputc
    printf8.o(i.__0vsprintf$8) refers to printf8.o(i._printf_core) for _printf_core
    printf8.o(i.__0vsprintf$8) refers to printf8.o(i._sputc) for _sputc
    printf8.o(i._printf_core) refers to printf8.o(i._printf_pre_padding) for _printf_pre_padding
    printf8.o(i._printf_core) refers to printf8.o(i._printf_post_padding) for _printf_post_padding
    printf8.o(i._printf_core) refers to uldiv.o(.text) for __aeabi_uldivmod
    printfa.o(i.__0fprintf) refers (Special) to iusefp.o(.text) for __I$use$fp
    printfa.o(i.__0fprintf) refers to printfa.o(i._printf_core) for _printf_core
    printfa.o(i.__0fprintf) refers to retarget.o(i.fputc) for fputc
    printfa.o(i.__0printf) refers (Special) to iusefp.o(.text) for __I$use$fp
    printfa.o(i.__0printf) refers to printfa.o(i._printf_core) for _printf_core
    printfa.o(i.__0printf) refers to retarget.o(i.fputc) for fputc
    printfa.o(i.__0printf) refers to retarget.o(.data) for __stdout
    printfa.o(i.__0snprintf) refers (Special) to iusefp.o(.text) for __I$use$fp
    printfa.o(i.__0snprintf) refers to printfa.o(i._printf_core) for _printf_core
    printfa.o(i.__0snprintf) refers to printfa.o(i._snputc) for _snputc
    printfa.o(i.__0sprintf) refers (Special) to iusefp.o(.text) for __I$use$fp
    printfa.o(i.__0sprintf) refers to printfa.o(i._printf_core) for _printf_core
    printfa.o(i.__0sprintf) refers to printfa.o(i._sputc) for _sputc
    printfa.o(i.__0vfprintf) refers (Special) to iusefp.o(.text) for __I$use$fp
    printfa.o(i.__0vfprintf) refers to printfa.o(i._printf_core) for _printf_core
    printfa.o(i.__0vfprintf) refers to retarget.o(i.fputc) for fputc
    printfa.o(i.__0vprintf) refers (Special) to iusefp.o(.text) for __I$use$fp
    printfa.o(i.__0vprintf) refers to printfa.o(i._printf_core) for _printf_core
    printfa.o(i.__0vprintf) refers to retarget.o(i.fputc) for fputc
    printfa.o(i.__0vprintf) refers to retarget.o(.data) for __stdout
    printfa.o(i.__0vsnprintf) refers (Special) to iusefp.o(.text) for __I$use$fp
    printfa.o(i.__0vsnprintf) refers to printfa.o(i._printf_core) for _printf_core
    printfa.o(i.__0vsnprintf) refers to printfa.o(i._snputc) for _snputc
    printfa.o(i.__0vsprintf) refers (Special) to iusefp.o(.text) for __I$use$fp
    printfa.o(i.__0vsprintf) refers to printfa.o(i._printf_core) for _printf_core
    printfa.o(i.__0vsprintf) refers to printfa.o(i._sputc) for _sputc
    printfa.o(i._fp_digits) refers (Special) to iusefp.o(.text) for __I$use$fp
    printfa.o(i._fp_digits) refers to dmul.o(.text) for __aeabi_dmul
    printfa.o(i._fp_digits) refers to ddiv.o(.text) for __aeabi_ddiv
    printfa.o(i._fp_digits) refers to cdrcmple.o(.text) for __aeabi_cdrcmple
    printfa.o(i._fp_digits) refers to dadd.o(.text) for __aeabi_dadd
    printfa.o(i._fp_digits) refers to dfixul.o(.text) for __aeabi_d2ulz
    printfa.o(i._fp_digits) refers to uldiv.o(.text) for __aeabi_uldivmod
    printfa.o(i._printf_core) refers (Special) to iusefp.o(.text) for __I$use$fp
    printfa.o(i._printf_core) refers to printfa.o(i._printf_pre_padding) for _printf_pre_padding
    printfa.o(i._printf_core) refers to uldiv.o(.text) for __aeabi_uldivmod
    printfa.o(i._printf_core) refers to printfa.o(i._printf_post_padding) for _printf_post_padding
    printfa.o(i._printf_core) refers to printfa.o(i._fp_digits) for _fp_digits
    printfa.o(i._printf_core) refers to uidiv.o(.text) for __aeabi_uidivmod
    printfa.o(i._printf_post_padding) refers (Special) to iusefp.o(.text) for __I$use$fp
    printfa.o(i._printf_pre_padding) refers (Special) to iusefp.o(.text) for __I$use$fp
    printfa.o(i._snputc) refers (Special) to iusefp.o(.text) for __I$use$fp
    printfa.o(i._sputc) refers (Special) to iusefp.o(.text) for __I$use$fp
    ddiv.o(.text) refers (Special) to iusefp.o(.text) for __I$use$fp
    ddiv.o(.text) refers to depilogue.o(.text) for _double_round
    dfltui.o(.text) refers (Special) to iusefp.o(.text) for __I$use$fp
    dfltui.o(.text) refers to depilogue.o(.text) for _double_epilogue
    dfixui.o(.text) refers (Special) to iusefp.o(.text) for __I$use$fp
    dfixui.o(.text) refers to llushr.o(.text) for __aeabi_llsr
    entry2.o(.ARM.Collect$$$$00000001) refers to entry2.o(.ARM.Collect$$$$00002712) for __lit__00000000
    entry2.o(.ARM.Collect$$$$00002712) refers to startup_nuc123.o(STACK) for __initial_sp
    entry2.o(__vectab_stack_and_reset_area) refers to startup_nuc123.o(STACK) for __initial_sp
    entry2.o(__vectab_stack_and_reset_area) refers to entry.o(.ARM.Collect$$$$00000000) for __main
    entry5.o(.ARM.Collect$$$$00000004) refers to init.o(.text) for __scatterload
    entry9a.o(.ARM.Collect$$$$0000000B) refers to main.o(i.main) for main
    entry9b.o(.ARM.Collect$$$$0000000C) refers to main.o(i.main) for main
    uldiv.o(.text) refers to llushr.o(.text) for __aeabi_llsr
    uldiv.o(.text) refers to llshl.o(.text) for __aeabi_llsl
    depilogue.o(.text) refers to depilogue.o(i.__ARM_clz) for __ARM_clz
    depilogue.o(.text) refers to llshl.o(.text) for __aeabi_llsl
    depilogue.o(.text) refers to llushr.o(.text) for __aeabi_llsr
    dadd.o(.text) refers to llshl.o(.text) for __aeabi_llsl
    dadd.o(.text) refers to llsshr.o(.text) for __aeabi_lasr
    dadd.o(.text) refers to depilogue.o(.text) for _double_epilogue
    dmul.o(.text) refers to depilogue.o(.text) for _double_epilogue
    dfixul.o(.text) refers to llushr.o(.text) for __aeabi_llsr
    dfixul.o(.text) refers to llshl.o(.text) for __aeabi_llsl
    init.o(.text) refers to entry5.o(.ARM.Collect$$$$00000004) for __main_after_scatterload


==============================================================================

Removing Unused input sections from the image.

    Removing system_nuc123.o(.rev16_text), (4 bytes).
    Removing system_nuc123.o(.revsh_text), (4 bytes).
    Removing startup_nuc123.o(HEAP), (0 bytes).
    Removing main.o(.rev16_text), (4 bytes).
    Removing main.o(.revsh_text), (4 bytes).
    Removing retarget.o(.rev16_text), (4 bytes).
    Removing retarget.o(.revsh_text), (4 bytes).
    Removing retarget.o(i.GetChar), (20 bytes).
    Removing retarget.o(i.IsDebugFifoEmpty), (16 bytes).
    Removing retarget.o(i.SendChar), (8 bytes).
    Removing retarget.o(i._ttywrch), (8 bytes).
    Removing retarget.o(i.ferror), (6 bytes).
    Removing retarget.o(i.fgetc), (8 bytes).
    Removing retarget.o(i.kbhit), (16 bytes).
    Removing retarget.o(.data), (4 bytes).
    Removing clk.o(.rev16_text), (4 bytes).
    Removing clk.o(.revsh_text), (4 bytes).
    Removing clk.o(i.CLK_DisableCKO), (16 bytes).
    Removing clk.o(i.CLK_DisableModuleClock), (28 bytes).
    Removing clk.o(i.CLK_DisablePLL), (16 bytes).
    Removing clk.o(i.CLK_DisableSysTick), (12 bytes).
    Removing clk.o(i.CLK_DisableXtalRC), (16 bytes).
    Removing clk.o(i.CLK_EnableCKO), (40 bytes).
    Removing clk.o(i.CLK_EnableSysTick), (56 bytes).
    Removing clk.o(i.CLK_GetCPUFreq), (16 bytes).
    Removing clk.o(i.CLK_GetHCLKFreq), (16 bytes).
    Removing clk.o(i.CLK_GetHXTFreq), (20 bytes).
    Removing clk.o(i.CLK_GetPCLKFreq), (32 bytes).
    Removing clk.o(i.CLK_Idle), (32 bytes).
    Removing clk.o(i.CLK_PowerDown), (36 bytes).
    Removing clk.o(i.CLK_SetSysTickClockSrc), (20 bytes).
    Removing pwm.o(.rev16_text), (4 bytes).
    Removing pwm.o(.revsh_text), (4 bytes).
    Removing pwm.o(i.PWM_ClearADCTriggerFlag), (10 bytes).
    Removing pwm.o(i.PWM_ClearDutyIntFlag), (10 bytes).
    Removing pwm.o(i.PWM_ClearPeriodIntFlag), (8 bytes).
    Removing pwm.o(i.PWM_DisableADCTrigger), (14 bytes).
    Removing pwm.o(i.PWM_DisableCaptureInt), (28 bytes).
    Removing pwm.o(i.PWM_DisableDeadZone), (14 bytes).
    Removing pwm.o(i.PWM_DisableDutyInt), (14 bytes).
    Removing pwm.o(i.PWM_DisablePDMA), (36 bytes).
    Removing pwm.o(i.PWM_DisablePeriodInt), (12 bytes).
    Removing pwm.o(i.PWM_EnableADCTrigger), (14 bytes).
    Removing pwm.o(i.PWM_EnableDeadZone), (36 bytes).
    Removing pwm.o(i.PWM_EnableDutyInt), (14 bytes).
    Removing pwm.o(i.PWM_EnablePDMA), (46 bytes).
    Removing pwm.o(i.PWM_EnablePeriodInt), (28 bytes).
    Removing pwm.o(i.PWM_GetADCTriggerFlag), (16 bytes).
    Removing pwm.o(i.PWM_GetDutyIntFlag), (16 bytes).
    Removing pwm.o(i.PWM_GetPeriodIntFlag), (14 bytes).
    Removing uart.o(.rev16_text), (4 bytes).
    Removing uart.o(.revsh_text), (4 bytes).
    Removing uart.o(i.UART_ClearIntFlag), (40 bytes).
    Removing uart.o(i.UART_Close), (6 bytes).
    Removing uart.o(i.UART_DisableFlowCtrl), (12 bytes).
    Removing uart.o(i.UART_DisableInt), (36 bytes).
    Removing uart.o(i.UART_EnableFlowCtrl), (30 bytes).
    Removing uart.o(i.UART_EnableInt), (36 bytes).
    Removing uart.o(i.UART_Read), (44 bytes).
    Removing uart.o(i.UART_SelectIrDAMode), (132 bytes).
    Removing uart.o(i.UART_SelectRS485Mode), (32 bytes).
    Removing uart.o(i.UART_SetLine_Config), (128 bytes).
    Removing uart.o(i.UART_SetTimeoutCnt), (22 bytes).
    Removing uart.o(i.UART_Write), (44 bytes).
    Removing sys.o(.rev16_text), (4 bytes).
    Removing sys.o(.revsh_text), (4 bytes).
    Removing sys.o(i.SYS_ClearResetSrc), (12 bytes).
    Removing sys.o(i.SYS_DisableBOD), (14 bytes).
    Removing sys.o(i.SYS_EnableBOD), (36 bytes).
    Removing sys.o(i.SYS_GetBODStatus), (12 bytes).
    Removing sys.o(i.SYS_GetResetSrc), (8 bytes).
    Removing sys.o(i.SYS_IsRegLocked), (16 bytes).
    Removing sys.o(i.SYS_ReadPDID), (8 bytes).
    Removing sys.o(i.SYS_ResetCPU), (14 bytes).
    Removing sys.o(i.SYS_ResetChip), (14 bytes).
    Removing dadd.o(.text), (356 bytes).
    Removing dmul.o(.text), (208 bytes).
    Removing dfixul.o(.text), (64 bytes).
    Removing cdrcmple.o(.text), (40 bytes).

79 unused section(s) (total 2192 bytes) removed from the image.

==============================================================================

Image Symbol Table

    Local Symbols

    Symbol Name                              Value     Ov Type        Size  Object(Section)

    RESET                                    0x00000000   Section      192  startup_nuc123.o(RESET)
    ../clib/microlib/division.c              0x00000000   Number         0  uldiv.o ABSOLUTE
    ../clib/microlib/division.c              0x00000000   Number         0  uidiv.o ABSOLUTE
    ../clib/microlib/init/entry.s            0x00000000   Number         0  entry11a.o ABSOLUTE
    ../clib/microlib/init/entry.s            0x00000000   Number         0  entry2.o ABSOLUTE
    ../clib/microlib/init/entry.s            0x00000000   Number         0  entry5.o ABSOLUTE
    ../clib/microlib/init/entry.s            0x00000000   Number         0  entry11b.o ABSOLUTE
    ../clib/microlib/init/entry.s            0x00000000   Number         0  entry7a.o ABSOLUTE
    ../clib/microlib/init/entry.s            0x00000000   Number         0  entry9a.o ABSOLUTE
    ../clib/microlib/init/entry.s            0x00000000   Number         0  entry7b.o ABSOLUTE
    ../clib/microlib/init/entry.s            0x00000000   Number         0  entry.o ABSOLUTE
    ../clib/microlib/init/entry.s            0x00000000   Number         0  entry10b.o ABSOLUTE
    ../clib/microlib/init/entry.s            0x00000000   Number         0  entry8b.o ABSOLUTE
    ../clib/microlib/init/entry.s            0x00000000   Number         0  entry10a.o ABSOLUTE
    ../clib/microlib/init/entry.s            0x00000000   Number         0  entry9b.o ABSOLUTE
    ../clib/microlib/init/entry.s            0x00000000   Number         0  entry8a.o ABSOLUTE
    ../clib/microlib/longlong.c              0x00000000   Number         0  llsshr.o ABSOLUTE
    ../clib/microlib/longlong.c              0x00000000   Number         0  llshl.o ABSOLUTE
    ../clib/microlib/longlong.c              0x00000000   Number         0  llushr.o ABSOLUTE
    ../clib/microlib/printf/printf.c         0x00000000   Number         0  printf5.o ABSOLUTE
    ../clib/microlib/printf/printf.c         0x00000000   Number         0  printf0.o ABSOLUTE
    ../clib/microlib/printf/printf.c         0x00000000   Number         0  printfb.o ABSOLUTE
    ../clib/microlib/printf/printf.c         0x00000000   Number         0  printf2.o ABSOLUTE
    ../clib/microlib/printf/printf.c         0x00000000   Number         0  printf3.o ABSOLUTE
    ../clib/microlib/printf/printf.c         0x00000000   Number         0  printfa.o ABSOLUTE
    ../clib/microlib/printf/printf.c         0x00000000   Number         0  printf4.o ABSOLUTE
    ../clib/microlib/printf/printf.c         0x00000000   Number         0  printf1.o ABSOLUTE
    ../clib/microlib/printf/printf.c         0x00000000   Number         0  printf6.o ABSOLUTE
    ../clib/microlib/printf/printf.c         0x00000000   Number         0  printf8.o ABSOLUTE
    ../clib/microlib/printf/printf.c         0x00000000   Number         0  printf7.o ABSOLUTE
    ../clib/microlib/printf/stubs.s          0x00000000   Number         0  stubs.o ABSOLUTE
    ../clib/microlib/string/memcpy.c         0x00000000   Number         0  memcpya.o ABSOLUTE
    ../clib/microlib/string/memcpy.c         0x00000000   Number         0  memcpyb.o ABSOLUTE
    ../clib/microlib/stubs.s                 0x00000000   Number         0  iusefp.o ABSOLUTE
    ../fplib/microlib/fpadd.c                0x00000000   Number         0  dadd.o ABSOLUTE
    ../fplib/microlib/fpdiv.c                0x00000000   Number         0  ddiv.o ABSOLUTE
    ../fplib/microlib/fpepilogue.c           0x00000000   Number         0  depilogue.o ABSOLUTE
    ../fplib/microlib/fpfix.c                0x00000000   Number         0  dfixui.o ABSOLUTE
    ../fplib/microlib/fpfix.c                0x00000000   Number         0  dfixul.o ABSOLUTE
    ../fplib/microlib/fpflt.c                0x00000000   Number         0  dfltui.o ABSOLUTE
    ../fplib/microlib/fpmul.c                0x00000000   Number         0  dmul.o ABSOLUTE
    ..\..\..\..\Library\Device\Nuvoton\NUC123\Source\ARM\startup_NUC123.s 0x00000000   Number         0  startup_nuc123.o ABSOLUTE
    ..\..\..\..\Library\Device\Nuvoton\NUC123\Source\system_NUC123.c 0x00000000   Number         0  system_nuc123.o ABSOLUTE
    ..\..\..\..\Library\StdDriver\src\clk.c  0x00000000   Number         0  clk.o ABSOLUTE
    ..\..\..\..\Library\StdDriver\src\pwm.c  0x00000000   Number         0  pwm.o ABSOLUTE
    ..\..\..\..\Library\StdDriver\src\retarget.c 0x00000000   Number         0  retarget.o ABSOLUTE
    ..\..\..\..\Library\StdDriver\src\sys.c  0x00000000   Number         0  sys.o ABSOLUTE
    ..\..\..\..\Library\StdDriver\src\uart.c 0x00000000   Number         0  uart.o ABSOLUTE
    ..\\..\\..\\..\\Library\\Device\\Nuvoton\\NUC123\\Source\\system_NUC123.c 0x00000000   Number         0  system_nuc123.o ABSOLUTE
    ..\\..\\..\\..\\Library\\StdDriver\\src\\clk.c 0x00000000   Number         0  clk.o ABSOLUTE
    ..\\..\\..\\..\\Library\\StdDriver\\src\\pwm.c 0x00000000   Number         0  pwm.o ABSOLUTE
    ..\\..\\..\\..\\Library\\StdDriver\\src\\retarget.c 0x00000000   Number         0  retarget.o ABSOLUTE
    ..\\..\\..\\..\\Library\\StdDriver\\src\\sys.c 0x00000000   Number         0  sys.o ABSOLUTE
    ..\\..\\..\\..\\Library\\StdDriver\\src\\uart.c 0x00000000   Number         0  uart.o ABSOLUTE
    ..\\main.c                               0x00000000   Number         0  main.o ABSOLUTE
    ..\main.c                                0x00000000   Number         0  main.o ABSOLUTE
    cdrcmple.s                               0x00000000   Number         0  cdrcmple.o ABSOLUTE
    handlers.s                               0x00000000   Number         0  handlers.o ABSOLUTE
    init.s                                   0x00000000   Number         0  init.o ABSOLUTE
    .ARM.Collect$$$$00000000                 0x000000c0   Section        0  entry.o(.ARM.Collect$$$$00000000)
    .ARM.Collect$$$$00000001                 0x000000c0   Section        4  entry2.o(.ARM.Collect$$$$00000001)
    .ARM.Collect$$$$00000004                 0x000000c4   Section        4  entry5.o(.ARM.Collect$$$$00000004)
    .ARM.Collect$$$$00000008                 0x000000c8   Section        0  entry7b.o(.ARM.Collect$$$$00000008)
    .ARM.Collect$$$$0000000A                 0x000000c8   Section        0  entry8b.o(.ARM.Collect$$$$0000000A)
    .ARM.Collect$$$$0000000B                 0x000000c8   Section        8  entry9a.o(.ARM.Collect$$$$0000000B)
    .ARM.Collect$$$$0000000D                 0x000000d0   Section        0  entry10a.o(.ARM.Collect$$$$0000000D)
    .ARM.Collect$$$$0000000F                 0x000000d0   Section        0  entry11a.o(.ARM.Collect$$$$0000000F)
    .ARM.Collect$$$$00002712                 0x000000d0   Section        4  entry2.o(.ARM.Collect$$$$00002712)
    __lit__00000000                          0x000000d0   Data           4  entry2.o(.ARM.Collect$$$$00002712)
    .emb_text                                0x000000d4   Section       28  retarget.o(.emb_text)
    .text                                    0x000000f0   Section       76  startup_nuc123.o(.text)
    Default_Handler                          0x0000011b   Thumb Code     2  startup_nuc123.o(.text)
    .text                                    0x0000013c   Section        0  uidiv.o(.text)
    .text                                    0x00000168   Section        0  memcpya.o(.text)
    .text                                    0x0000018c   Section        0  ddiv.o(.text)
    .text                                    0x0000027c   Section        0  dfltui.o(.text)
    .text                                    0x00000298   Section        0  dfixui.o(.text)
    .text                                    0x000002d4   Section        0  uldiv.o(.text)
    .text                                    0x00000334   Section        0  llushr.o(.text)
    .text                                    0x00000356   Section        0  iusefp.o(.text)
    .text                                    0x00000356   Section        0  depilogue.o(.text)
    .text                                    0x00000414   Section       36  init.o(.text)
    .text                                    0x00000438   Section        0  llshl.o(.text)
    i.CLK_EnableModuleClock                  0x00000458   Section        0  clk.o(i.CLK_EnableModuleClock)
    i.CLK_EnablePLL                          0x00000474   Section        0  clk.o(i.CLK_EnablePLL)
    i.CLK_EnableXtalRC                       0x0000060c   Section        0  clk.o(i.CLK_EnableXtalRC)
    i.CLK_GetPLLClockFreq                    0x0000061c   Section        0  uart.o(i.CLK_GetPLLClockFreq)
    CLK_GetPLLClockFreq                      0x0000061d   Thumb Code    70  uart.o(i.CLK_GetPLLClockFreq)
    i.CLK_SetCoreClock                       0x00000674   Section        0  clk.o(i.CLK_SetCoreClock)
    i.CLK_SetHCLK                            0x000006f4   Section        0  clk.o(i.CLK_SetHCLK)
    i.CLK_SetModuleClock                     0x00000740   Section        0  clk.o(i.CLK_SetModuleClock)
    i.CLK_WaitClockReady                     0x000007d0   Section        0  clk.o(i.CLK_WaitClockReady)
    i.CalPeriodTime                          0x000007fc   Section        0  main.o(i.CalPeriodTime)
    i.Delay                                  0x000008fc   Section        0  main.o(i.Delay)
    i.Hard_Fault_Handler                     0x00000914   Section        0  retarget.o(i.Hard_Fault_Handler)
    __tagsym$$used                           0x00000915   Number         0  retarget.o(i.Hard_Fault_Handler)
    i.PWMA_IRQHandler                        0x0000093c   Section        0  main.o(i.PWMA_IRQHandler)
    i.PWM_ClearCaptureIntFlag                0x00000958   Section        0  pwm.o(i.PWM_ClearCaptureIntFlag)
    i.PWM_ConfigCaptureChannel               0x00000990   Section        0  pwm.o(i.PWM_ConfigCaptureChannel)
    i.PWM_ConfigOutputChannel                0x00000aa4   Section        0  pwm.o(i.PWM_ConfigOutputChannel)
    i.PWM_DisableCapture                     0x00000bd8   Section        0  pwm.o(i.PWM_DisableCapture)
    i.PWM_DisableOutput                      0x00000c16   Section        0  pwm.o(i.PWM_DisableOutput)
    i.PWM_EnableCapture                      0x00000c1e   Section        0  pwm.o(i.PWM_EnableCapture)
    i.PWM_EnableCaptureInt                   0x00000c5c   Section        0  pwm.o(i.PWM_EnableCaptureInt)
    i.PWM_EnableOutput                       0x00000c78   Section        0  pwm.o(i.PWM_EnableOutput)
    i.PWM_ForceStop                          0x00000c80   Section        0  pwm.o(i.PWM_ForceStop)
    i.PWM_GetCaptureIntFlag                  0x00000ca6   Section        0  pwm.o(i.PWM_GetCaptureIntFlag)
    i.PWM_Start                              0x00000cc8   Section        0  pwm.o(i.PWM_Start)
    i.PWM_Stop                               0x00000cee   Section        0  pwm.o(i.PWM_Stop)
    i.SYS_Init                               0x00000d10   Section        0  main.o(i.SYS_Init)
    i.SYS_ResetModule                        0x00000de0   Section        0  sys.o(i.SYS_ResetModule)
    i.SendChar_ToUART                        0x00000dfc   Section        0  retarget.o(i.SendChar_ToUART)
    i.SystemCoreClockUpdate                  0x00000e1c   Section        0  system_nuc123.o(i.SystemCoreClockUpdate)
    i.SystemInit                             0x00000eb4   Section        0  system_nuc123.o(i.SystemInit)
    i.UART0_Init                             0x00000eb8   Section        0  main.o(i.UART0_Init)
    i.UART_Open                              0x00000ed4   Section        0  uart.o(i.UART_Open)
    i.__0printf$5                            0x00000f5c   Section        0  printf5.o(i.__0printf$5)
    i.__ARM_clz                              0x00000f7c   Section        0  depilogue.o(i.__ARM_clz)
    i.__scatterload_copy                     0x00000faa   Section       14  handlers.o(i.__scatterload_copy)
    i.__scatterload_null                     0x00000fb8   Section        2  handlers.o(i.__scatterload_null)
    i.__scatterload_zeroinit                 0x00000fba   Section       14  handlers.o(i.__scatterload_zeroinit)
    i._printf_core                           0x00000fc8   Section        0  printf5.o(i._printf_core)
    _printf_core                             0x00000fc9   Thumb Code   688  printf5.o(i._printf_core)
    i.fputc                                  0x000012a4   Section        0  retarget.o(i.fputc)
    i.main                                   0x000012b0   Section        0  main.o(i.main)
    i.stackDump                              0x000013ac   Section        0  retarget.o(i.stackDump)
    stackDump                                0x000013ad   Thumb Code    70  retarget.o(i.stackDump)
    .constdata                               0x00001454   Section       12  clk.o(.constdata)
    .constdata                               0x00001460   Section      200  pwm.o(.constdata)
    .constdata                               0x00001528   Section       48  uart.o(.constdata)
    .conststring                             0x00001558   Section      428  main.o(.conststring)
    .data                                    0x20000000   Section       44  system_nuc123.o(.data)
    .data                                    0x2000002c   Section        4  retarget.o(.data)
    STACK                                    0x20000030   Section     1024  startup_nuc123.o(STACK)

    Global Symbols

    Symbol Name                              Value     Ov Type        Size  Object(Section)

    BuildAttributes$$THM_ISAv3M$S$PE$A:L22$X:L11$S22$IEEE1$IW$USESV6$~STKCKD$USESV7$~SHL$OSPACE$ROPI$EBA8$MICROLIB$REQ8$PRES8$EABIv2 0x00000000   Number         0  anon$$obj.o ABSOLUTE
    __ARM_use_no_argv                        0x00000000   Number         0  main.o ABSOLUTE
    __Vectors                                0x00000000   Data           4  startup_nuc123.o(RESET)
    _printf_a                                0x00000000   Number         0  stubs.o ABSOLUTE
    _printf_c                                0x00000000   Number         0  stubs.o ABSOLUTE
    _printf_charcount                        0x00000000   Number         0  stubs.o ABSOLUTE
    _printf_d                                0x00000000   Number         0  stubs.o ABSOLUTE
    _printf_e                                0x00000000   Number         0  stubs.o ABSOLUTE
    _printf_f                                0x00000000   Number         0  stubs.o ABSOLUTE
    _printf_flags                            0x00000000   Number         0  stubs.o ABSOLUTE
    _printf_fp_dec                           0x00000000   Number         0  stubs.o ABSOLUTE
    _printf_fp_hex                           0x00000000   Number         0  stubs.o ABSOLUTE
    _printf_g                                0x00000000   Number         0  stubs.o ABSOLUTE
    _printf_i                                0x00000000   Number         0  stubs.o ABSOLUTE
    _printf_int_dec                          0x00000000   Number         0  stubs.o ABSOLUTE
    _printf_l                                0x00000000   Number         0  stubs.o ABSOLUTE
    _printf_lc                               0x00000000   Number         0  stubs.o ABSOLUTE
    _printf_ll                               0x00000000   Number         0  stubs.o ABSOLUTE
    _printf_lld                              0x00000000   Number         0  stubs.o ABSOLUTE
    _printf_lli                              0x00000000   Number         0  stubs.o ABSOLUTE
    _printf_llo                              0x00000000   Number         0  stubs.o ABSOLUTE
    _printf_llu                              0x00000000   Number         0  stubs.o ABSOLUTE
    _printf_llx                              0x00000000   Number         0  stubs.o ABSOLUTE
    _printf_longlong_dec                     0x00000000   Number         0  stubs.o ABSOLUTE
    _printf_longlong_hex                     0x00000000   Number         0  stubs.o ABSOLUTE
    _printf_longlong_oct                     0x00000000   Number         0  stubs.o ABSOLUTE
    _printf_ls                               0x00000000   Number         0  stubs.o ABSOLUTE
    _printf_mbtowc                           0x00000000   Number         0  stubs.o ABSOLUTE
    _printf_n                                0x00000000   Number         0  stubs.o ABSOLUTE
    _printf_o                                0x00000000   Number         0  stubs.o ABSOLUTE
    _printf_p                                0x00000000   Number         0  stubs.o ABSOLUTE
    _printf_percent                          0x00000000   Number         0  stubs.o ABSOLUTE
    _printf_pre_padding                      0x00000000   Number         0  stubs.o ABSOLUTE
    _printf_return_value                     0x00000000   Number         0  stubs.o ABSOLUTE
    _printf_s                                0x00000000   Number         0  stubs.o ABSOLUTE
    _printf_sizespec                         0x00000000   Number         0  stubs.o ABSOLUTE
    _printf_str                              0x00000000   Number         0  stubs.o ABSOLUTE
    _printf_truncate_signed                  0x00000000   Number         0  stubs.o ABSOLUTE
    _printf_truncate_unsigned                0x00000000   Number         0  stubs.o ABSOLUTE
    _printf_u                                0x00000000   Number         0  stubs.o ABSOLUTE
    _printf_wc                               0x00000000   Number         0  stubs.o ABSOLUTE
    _printf_wctomb                           0x00000000   Number         0  stubs.o ABSOLUTE
    _printf_widthprec                        0x00000000   Number         0  stubs.o ABSOLUTE
    _printf_x                                0x00000000   Number         0  stubs.o ABSOLUTE
    __cpp_initialize__aeabi_                  - Undefined Weak Reference
    __cxa_finalize                            - Undefined Weak Reference
    __decompress                              - Undefined Weak Reference
    _clock_init                               - Undefined Weak Reference
    _microlib_exit                            - Undefined Weak Reference
    __main                                   0x000000c1   Thumb Code     0  entry.o(.ARM.Collect$$$$00000000)
    _main_stk                                0x000000c1   Thumb Code     0  entry2.o(.ARM.Collect$$$$00000001)
    _main_scatterload                        0x000000c5   Thumb Code     0  entry5.o(.ARM.Collect$$$$00000004)
    __main_after_scatterload                 0x000000c9   Thumb Code     0  entry5.o(.ARM.Collect$$$$00000004)
    _main_clock                              0x000000c9   Thumb Code     0  entry7b.o(.ARM.Collect$$$$00000008)
    _main_cpp_init                           0x000000c9   Thumb Code     0  entry8b.o(.ARM.Collect$$$$0000000A)
    _main_init                               0x000000c9   Thumb Code     0  entry9a.o(.ARM.Collect$$$$0000000B)
    __rt_final_cpp                           0x000000d1   Thumb Code     0  entry10a.o(.ARM.Collect$$$$0000000D)
    __rt_final_exit                          0x000000d1   Thumb Code     0  entry11a.o(.ARM.Collect$$$$0000000F)
    HardFault_Handler                        0x000000d5   Thumb Code    24  retarget.o(.emb_text)
    Reset_Handler                            0x000000f1   Thumb Code    32  startup_nuc123.o(.text)
    NMI_Handler                              0x00000111   Thumb Code     2  startup_nuc123.o(.text)
    SVC_Handler                              0x00000115   Thumb Code     2  startup_nuc123.o(.text)
    PendSV_Handler                           0x00000117   Thumb Code     2  startup_nuc123.o(.text)
    SysTick_Handler                          0x00000119   Thumb Code     2  startup_nuc123.o(.text)
    ACMP_IRQHandler                          0x0000011b   Thumb Code     0  startup_nuc123.o(.text)
    ADC_IRQHandler                           0x0000011b   Thumb Code     0  startup_nuc123.o(.text)
    BOD_IRQHandler                           0x0000011b   Thumb Code     0  startup_nuc123.o(.text)
    CAN0_IRQHandler                          0x0000011b   Thumb Code     0  startup_nuc123.o(.text)
    CAN1_IRQHandler                          0x0000011b   Thumb Code     0  startup_nuc123.o(.text)
    EINT0_IRQHandler                         0x0000011b   Thumb Code     0  startup_nuc123.o(.text)
    EINT1_IRQHandler                         0x0000011b   Thumb Code     0  startup_nuc123.o(.text)
    GPAB_IRQHandler                          0x0000011b   Thumb Code     0  startup_nuc123.o(.text)
    GPCDF_IRQHandler                         0x0000011b   Thumb Code     0  startup_nuc123.o(.text)
    I2C0_IRQHandler                          0x0000011b   Thumb Code     0  startup_nuc123.o(.text)
    I2C1_IRQHandler                          0x0000011b   Thumb Code     0  startup_nuc123.o(.text)
    I2S_IRQHandler                           0x0000011b   Thumb Code     0  startup_nuc123.o(.text)
    PDMA_IRQHandler                          0x0000011b   Thumb Code     0  startup_nuc123.o(.text)
    PS2_IRQHandler                           0x0000011b   Thumb Code     0  startup_nuc123.o(.text)
    PWRWU_IRQHandler                         0x0000011b   Thumb Code     0  startup_nuc123.o(.text)
    RTC_IRQHandler                           0x0000011b   Thumb Code     0  startup_nuc123.o(.text)
    SC012_IRQHandler                         0x0000011b   Thumb Code     0  startup_nuc123.o(.text)
    SPI0_IRQHandler                          0x0000011b   Thumb Code     0  startup_nuc123.o(.text)
    SPI1_IRQHandler                          0x0000011b   Thumb Code     0  startup_nuc123.o(.text)
    SPI2_IRQHandler                          0x0000011b   Thumb Code     0  startup_nuc123.o(.text)
    SPI3_IRQHandler                          0x0000011b   Thumb Code     0  startup_nuc123.o(.text)
    TMR0_IRQHandler                          0x0000011b   Thumb Code     0  startup_nuc123.o(.text)
    TMR1_IRQHandler                          0x0000011b   Thumb Code     0  startup_nuc123.o(.text)
    TMR2_IRQHandler                          0x0000011b   Thumb Code     0  startup_nuc123.o(.text)
    TMR3_IRQHandler                          0x0000011b   Thumb Code     0  startup_nuc123.o(.text)
    UART0_IRQHandler                         0x0000011b   Thumb Code     0  startup_nuc123.o(.text)
    UART1_IRQHandler                         0x0000011b   Thumb Code     0  startup_nuc123.o(.text)
    USBD_IRQHandler                          0x0000011b   Thumb Code     0  startup_nuc123.o(.text)
    WDT_IRQHandler                           0x0000011b   Thumb Code     0  startup_nuc123.o(.text)
    __aeabi_uidiv                            0x0000013d   Thumb Code     0  uidiv.o(.text)
    __aeabi_uidivmod                         0x0000013d   Thumb Code    44  uidiv.o(.text)
    __aeabi_memcpy                           0x00000169   Thumb Code    36  memcpya.o(.text)
    __aeabi_memcpy4                          0x00000169   Thumb Code     0  memcpya.o(.text)
    __aeabi_memcpy8                          0x00000169   Thumb Code     0  memcpya.o(.text)
    __aeabi_ddiv                             0x0000018d   Thumb Code   234  ddiv.o(.text)
    __aeabi_ui2d                             0x0000027d   Thumb Code    24  dfltui.o(.text)
    __aeabi_d2uiz                            0x00000299   Thumb Code    50  dfixui.o(.text)
    __aeabi_uldivmod                         0x000002d5   Thumb Code    96  uldiv.o(.text)
    __aeabi_llsr                             0x00000335   Thumb Code    34  llushr.o(.text)
    _ll_ushift_r                             0x00000335   Thumb Code     0  llushr.o(.text)
    __I$use$fp                               0x00000357   Thumb Code     0  iusefp.o(.text)
    _double_round                            0x00000357   Thumb Code    26  depilogue.o(.text)
    _double_epilogue                         0x00000371   Thumb Code   164  depilogue.o(.text)
    __scatterload                            0x00000415   Thumb Code    28  init.o(.text)
    __scatterload_rt2                        0x00000415   Thumb Code     0  init.o(.text)
    __aeabi_llsl                             0x00000439   Thumb Code    32  llshl.o(.text)
    _ll_shift_l                              0x00000439   Thumb Code     0  llshl.o(.text)
    CLK_EnableModuleClock                    0x00000459   Thumb Code    24  clk.o(i.CLK_EnableModuleClock)
    CLK_EnablePLL                            0x00000475   Thumb Code   348  clk.o(i.CLK_EnablePLL)
    CLK_EnableXtalRC                         0x0000060d   Thumb Code    10  clk.o(i.CLK_EnableXtalRC)
    CLK_SetCoreClock                         0x00000675   Thumb Code   114  clk.o(i.CLK_SetCoreClock)
    CLK_SetHCLK                              0x000006f5   Thumb Code    72  clk.o(i.CLK_SetHCLK)
    CLK_SetModuleClock                       0x00000741   Thumb Code   126  clk.o(i.CLK_SetModuleClock)
    CLK_WaitClockReady                       0x000007d1   Thumb Code    34  clk.o(i.CLK_WaitClockReady)
    CalPeriodTime                            0x000007fd   Thumb Code   206  main.o(i.CalPeriodTime)
    Delay                                    0x000008fd   Thumb Code    20  main.o(i.Delay)
    Hard_Fault_Handler                       0x00000915   Thumb Code    16  retarget.o(i.Hard_Fault_Handler)
    PWMA_IRQHandler                          0x0000093d   Thumb Code    18  main.o(i.PWMA_IRQHandler)
    PWM_ClearCaptureIntFlag                  0x00000959   Thumb Code    52  pwm.o(i.PWM_ClearCaptureIntFlag)
    PWM_ConfigCaptureChannel                 0x00000991   Thumb Code   256  pwm.o(i.PWM_ConfigCaptureChannel)
    PWM_ConfigOutputChannel                  0x00000aa5   Thumb Code   292  pwm.o(i.PWM_ConfigOutputChannel)
    PWM_DisableCapture                       0x00000bd9   Thumb Code    62  pwm.o(i.PWM_DisableCapture)
    PWM_DisableOutput                        0x00000c17   Thumb Code     8  pwm.o(i.PWM_DisableOutput)
    PWM_EnableCapture                        0x00000c1f   Thumb Code    62  pwm.o(i.PWM_EnableCapture)
    PWM_EnableCaptureInt                     0x00000c5d   Thumb Code    28  pwm.o(i.PWM_EnableCaptureInt)
    PWM_EnableOutput                         0x00000c79   Thumb Code     8  pwm.o(i.PWM_EnableOutput)
    PWM_ForceStop                            0x00000c81   Thumb Code    38  pwm.o(i.PWM_ForceStop)
    PWM_GetCaptureIntFlag                    0x00000ca7   Thumb Code    34  pwm.o(i.PWM_GetCaptureIntFlag)
    PWM_Start                                0x00000cc9   Thumb Code    38  pwm.o(i.PWM_Start)
    PWM_Stop                                 0x00000cef   Thumb Code    32  pwm.o(i.PWM_Stop)
    SYS_Init                                 0x00000d11   Thumb Code   170  main.o(i.SYS_Init)
    SYS_ResetModule                          0x00000de1   Thumb Code    26  sys.o(i.SYS_ResetModule)
    SendChar_ToUART                          0x00000dfd   Thumb Code    26  retarget.o(i.SendChar_ToUART)
    SystemCoreClockUpdate                    0x00000e1d   Thumb Code   126  system_nuc123.o(i.SystemCoreClockUpdate)
    SystemInit                               0x00000eb5   Thumb Code     2  system_nuc123.o(i.SystemInit)
    UART0_Init                               0x00000eb9   Thumb Code    20  main.o(i.UART0_Init)
    UART_Open                                0x00000ed5   Thumb Code   120  uart.o(i.UART_Open)
    __0printf$5                              0x00000f5d   Thumb Code    24  printf5.o(i.__0printf$5)
    __1printf$5                              0x00000f5d   Thumb Code     0  printf5.o(i.__0printf$5)
    __2printf                                0x00000f5d   Thumb Code     0  printf5.o(i.__0printf$5)
    __ARM_clz                                0x00000f7d   Thumb Code    46  depilogue.o(i.__ARM_clz)
    __scatterload_copy                       0x00000fab   Thumb Code    14  handlers.o(i.__scatterload_copy)
    __scatterload_null                       0x00000fb9   Thumb Code     2  handlers.o(i.__scatterload_null)
    __scatterload_zeroinit                   0x00000fbb   Thumb Code    14  handlers.o(i.__scatterload_zeroinit)
    fputc                                    0x000012a5   Thumb Code    12  retarget.o(i.fputc)
    main                                     0x000012b1   Thumb Code   228  main.o(i.main)
    Region$$Table$$Base                      0x00001704   Number         0  anon$$obj.o(Region$$Table)
    Region$$Table$$Limit                     0x00001724   Number         0  anon$$obj.o(Region$$Table)
    SystemCoreClock                          0x20000000   Data           4  system_nuc123.o(.data)
    CyclesPerUs                              0x20000004   Data           4  system_nuc123.o(.data)
    PllClock                                 0x20000008   Data           4  system_nuc123.o(.data)
    gau32ClkSrcTbl                           0x2000000c   Data          32  system_nuc123.o(.data)
    __stdout                                 0x2000002c   Data           4  retarget.o(.data)
    __initial_sp                             0x20000430   Data           0  startup_nuc123.o(STACK)



==============================================================================

Memory Map of the image

  Image Entry point : 0x000000f1

  Load Region LR_1 (Base: 0x00000000, Size: 0x00001754, Max: 0xffffffff, ABSOLUTE)

    Execution Region ER_RO (Exec base: 0x00000000, Load base: 0x00000000, Size: 0x00001724, Max: 0xffffffff, ABSOLUTE)

    Exec Addr    Load Addr    Size         Type   Attr      Idx    E Section Name        Object

    0x00000000   0x00000000   0x000000c0   Data   RO          108    RESET               startup_nuc123.o
    0x000000c0   0x000000c0   0x00000000   Code   RO          787  * .ARM.Collect$$$$00000000  mc_p.l(entry.o)
    0x000000c0   0x000000c0   0x00000004   Code   RO         1061    .ARM.Collect$$$$00000001  mc_p.l(entry2.o)
    0x000000c4   0x000000c4   0x00000004   Code   RO         1064    .ARM.Collect$$$$00000004  mc_p.l(entry5.o)
    0x000000c8   0x000000c8   0x00000000   Code   RO         1066    .ARM.Collect$$$$00000008  mc_p.l(entry7b.o)
    0x000000c8   0x000000c8   0x00000000   Code   RO         1068    .ARM.Collect$$$$0000000A  mc_p.l(entry8b.o)
    0x000000c8   0x000000c8   0x00000008   Code   RO         1069    .ARM.Collect$$$$0000000B  mc_p.l(entry9a.o)
    0x000000d0   0x000000d0   0x00000000   Code   RO         1071    .ARM.Collect$$$$0000000D  mc_p.l(entry10a.o)
    0x000000d0   0x000000d0   0x00000000   Code   RO         1073    .ARM.Collect$$$$0000000F  mc_p.l(entry11a.o)
    0x000000d0   0x000000d0   0x00000004   Code   RO         1062    .ARM.Collect$$$$00002712  mc_p.l(entry2.o)
    0x000000d4   0x000000d4   0x0000001c   Code   RO          194    .emb_text           retarget.o
    0x000000f0   0x000000f0   0x0000004c   Code   RO          109  * .text               startup_nuc123.o
    0x0000013c   0x0000013c   0x0000002c   Code   RO          788    .text               mc_p.l(uidiv.o)
    0x00000168   0x00000168   0x00000024   Code   RO          790    .text               mc_p.l(memcpya.o)
    0x0000018c   0x0000018c   0x000000f0   Code   RO         1055    .text               mf_p.l(ddiv.o)
    0x0000027c   0x0000027c   0x0000001c   Code   RO         1057    .text               mf_p.l(dfltui.o)
    0x00000298   0x00000298   0x0000003c   Code   RO         1059    .text               mf_p.l(dfixui.o)
    0x000002d4   0x000002d4   0x00000060   Code   RO         1075    .text               mc_p.l(uldiv.o)
    0x00000334   0x00000334   0x00000022   Code   RO         1077    .text               mc_p.l(llushr.o)
    0x00000356   0x00000356   0x00000000   Code   RO         1079    .text               mc_p.l(iusefp.o)
    0x00000356   0x00000356   0x000000be   Code   RO         1080    .text               mf_p.l(depilogue.o)
    0x00000414   0x00000414   0x00000024   Code   RO         1092    .text               mc_p.l(init.o)
    0x00000438   0x00000438   0x00000020   Code   RO         1094    .text               mc_p.l(llshl.o)
    0x00000458   0x00000458   0x0000001c   Code   RO          292    i.CLK_EnableModuleClock  clk.o
    0x00000474   0x00000474   0x00000198   Code   RO          293    i.CLK_EnablePLL     clk.o
    0x0000060c   0x0000060c   0x00000010   Code   RO          295    i.CLK_EnableXtalRC  clk.o
    0x0000061c   0x0000061c   0x00000058   Code   RO          614    i.CLK_GetPLLClockFreq  uart.o
    0x00000674   0x00000674   0x00000080   Code   RO          302    i.CLK_SetCoreClock  clk.o
    0x000006f4   0x000006f4   0x0000004c   Code   RO          303    i.CLK_SetHCLK       clk.o
    0x00000740   0x00000740   0x00000090   Code   RO          304    i.CLK_SetModuleClock  clk.o
    0x000007d0   0x000007d0   0x0000002c   Code   RO          306    i.CLK_WaitClockReady  clk.o
    0x000007fc   0x000007fc   0x00000100   Code   RO          115    i.CalPeriodTime     main.o
    0x000008fc   0x000008fc   0x00000018   Code   RO          116    i.Delay             main.o
    0x00000914   0x00000914   0x00000028   Code   RO          196    i.Hard_Fault_Handler  retarget.o
    0x0000093c   0x0000093c   0x0000001c   Code   RO          117    i.PWMA_IRQHandler   main.o
    0x00000958   0x00000958   0x00000038   Code   RO          426    i.PWM_ClearCaptureIntFlag  pwm.o
    0x00000990   0x00000990   0x00000114   Code   RO          429    i.PWM_ConfigCaptureChannel  pwm.o
    0x00000aa4   0x00000aa4   0x00000134   Code   RO          430    i.PWM_ConfigOutputChannel  pwm.o
    0x00000bd8   0x00000bd8   0x0000003e   Code   RO          432    i.PWM_DisableCapture  pwm.o
    0x00000c16   0x00000c16   0x00000008   Code   RO          436    i.PWM_DisableOutput  pwm.o
    0x00000c1e   0x00000c1e   0x0000003e   Code   RO          440    i.PWM_EnableCapture  pwm.o
    0x00000c5c   0x00000c5c   0x0000001c   Code   RO          441    i.PWM_EnableCaptureInt  pwm.o
    0x00000c78   0x00000c78   0x00000008   Code   RO          444    i.PWM_EnableOutput  pwm.o
    0x00000c80   0x00000c80   0x00000026   Code   RO          447    i.PWM_ForceStop     pwm.o
    0x00000ca6   0x00000ca6   0x00000022   Code   RO          449    i.PWM_GetCaptureIntFlag  pwm.o
    0x00000cc8   0x00000cc8   0x00000026   Code   RO          452    i.PWM_Start         pwm.o
    0x00000cee   0x00000cee   0x00000020   Code   RO          453    i.PWM_Stop          pwm.o
    0x00000d0e   0x00000d0e   0x00000002   PAD
    0x00000d10   0x00000d10   0x000000d0   Code   RO          118    i.SYS_Init          main.o
    0x00000de0   0x00000de0   0x0000001a   Code   RO          724    i.SYS_ResetModule   sys.o
    0x00000dfa   0x00000dfa   0x00000002   PAD
    0x00000dfc   0x00000dfc   0x00000020   Code   RO          199    i.SendChar_ToUART   retarget.o
    0x00000e1c   0x00000e1c   0x00000098   Code   RO            3    i.SystemCoreClockUpdate  system_nuc123.o
    0x00000eb4   0x00000eb4   0x00000002   Code   RO            4    i.SystemInit        system_nuc123.o
    0x00000eb6   0x00000eb6   0x00000002   PAD
    0x00000eb8   0x00000eb8   0x0000001c   Code   RO          119    i.UART0_Init        main.o
    0x00000ed4   0x00000ed4   0x00000088   Code   RO          621    i.UART_Open         uart.o
    0x00000f5c   0x00000f5c   0x00000020   Code   RO          927    i.__0printf$5       mc_p.l(printf5.o)
    0x00000f7c   0x00000f7c   0x0000002e   Code   RO         1082    i.__ARM_clz         mf_p.l(depilogue.o)
    0x00000faa   0x00000faa   0x0000000e   Code   RO         1100    i.__scatterload_copy  mc_p.l(handlers.o)
    0x00000fb8   0x00000fb8   0x00000002   Code   RO         1101    i.__scatterload_null  mc_p.l(handlers.o)
    0x00000fba   0x00000fba   0x0000000e   Code   RO         1102    i.__scatterload_zeroinit  mc_p.l(handlers.o)
    0x00000fc8   0x00000fc8   0x000002dc   Code   RO          934    i._printf_core      mc_p.l(printf5.o)
    0x000012a4   0x000012a4   0x0000000c   Code   RO          203    i.fputc             retarget.o
    0x000012b0   0x000012b0   0x000000fc   Code   RO          120    i.main              main.o
    0x000013ac   0x000013ac   0x000000a8   Code   RO          205    i.stackDump         retarget.o
    0x00001454   0x00001454   0x0000000c   Data   RO          307    .constdata          clk.o
    0x00001460   0x00001460   0x000000c8   Data   RO          454    .constdata          pwm.o
    0x00001528   0x00001528   0x00000030   Data   RO          628    .constdata          uart.o
    0x00001558   0x00001558   0x000001ac   Data   RO          121    .conststring        main.o
    0x00001704   0x00001704   0x00000020   Data   RO         1098    Region$$Table       anon$$obj.o


    Execution Region ER_RW (Exec base: 0x20000000, Load base: 0x00001724, Size: 0x00000030, Max: 0xffffffff, ABSOLUTE)

    Exec Addr    Load Addr    Size         Type   Attr      Idx    E Section Name        Object

    0x20000000   0x00001724   0x0000002c   Data   RW            5    .data               system_nuc123.o
    0x2000002c   0x00001750   0x00000004   Data   RW          206    .data               retarget.o


    Execution Region ER_ZI (Exec base: 0x20000030, Load base: 0x00001754, Size: 0x00000400, Max: 0xffffffff, ABSOLUTE)

    Exec Addr    Load Addr    Size         Type   Attr      Idx    E Section Name        Object

    0x20000030        -       0x00000400   Zero   RW          106    STACK               startup_nuc123.o


==============================================================================

Image component sizes


      Code (inc. data)   RO Data    RW Data    ZI Data      Debug   Object Name

       844        116         12          0          0       6231   clk.o
       796        134        428          0          0     119503   main.o
       950         40        200          0          0       9633   pwm.o
       280        132          0          4          0       4802   retarget.o
        76         32        192          0       1024        728   startup_nuc123.o
        26          0          0          0          0        526   sys.o
       154         26          0         44          0      98583   system_nuc123.o
       224         34         48          0          0       2104   uart.o

    ----------------------------------------------------------------------
      3356        514        912         48       1024     242110   Object Totals
         0          0         32          0          0          0   (incl. Generated)
         6          0          0          0          0          0   (incl. Padding)

    ----------------------------------------------------------------------

      Code (inc. data)   RO Data    RW Data    ZI Data      Debug   Library Member Name

         0          0          0          0          0          0   entry.o
         0          0          0          0          0          0   entry10a.o
         0          0          0          0          0          0   entry11a.o
         8          4          0          0          0          0   entry2.o
         4          0          0          0          0          0   entry5.o
         0          0          0          0          0          0   entry7b.o
         0          0          0          0          0          0   entry8b.o
         8          4          0          0          0          0   entry9a.o
        30          0          0          0          0          0   handlers.o
        36          8          0          0          0         68   init.o
         0          0          0          0          0          0   iusefp.o
        32          0          0          0          0         68   llshl.o
        34          0          0          0          0         68   llushr.o
        36          0          0          0          0         60   memcpya.o
       764         52          0          0          0        168   printf5.o
        44          0          0          0          0         72   uidiv.o
        96          0          0          0          0         84   uldiv.o
       240          6          0          0          0         84   ddiv.o
       236          0          0          0          0        216   depilogue.o
        60         10          0          0          0         68   dfixui.o
        28          4          0          0          0         68   dfltui.o

    ----------------------------------------------------------------------
      1656         88          0          0          0       1024   Library Totals
         0          0          0          0          0          0   (incl. Padding)

    ----------------------------------------------------------------------

      Code (inc. data)   RO Data    RW Data    ZI Data      Debug   Library Name

      1092         68          0          0          0        588   mc_p.l
       564         20          0          0          0        436   mf_p.l

    ----------------------------------------------------------------------
      1656         88          0          0          0       1024   Library Totals

    ----------------------------------------------------------------------

==============================================================================


      Code (inc. data)   RO Data    RW Data    ZI Data      Debug   

      5012        602        912         48       1024     241342   Grand Totals
      5012        602        912         48       1024     241342   ELF Image Totals
      5012        602        912         48          0          0   ROM Totals

==============================================================================

    Total RO  Size (Code + RO Data)                 5924 (   5.79kB)
    Total RW  Size (RW Data + ZI Data)              1072 (   1.05kB)
    Total ROM Size (Code + RO Data + RW Data)       5972 (   5.83kB)

==============================================================================

